 turbofan_sfun

 Timestamp is 535eaf37 (Mon Apr 28 15:42:47 2014)

 Preferred load address is 0000000180000000

 Start         Length     Name                   Class
 0001:00000000 0004f484H .text                   CODE
 0001:0004f490 00000092H .text$x                 CODE
 0002:00000000 000004d0H .idata$5                DATA
 0002:000004d0 00000008H .CRT$XCA                DATA
 0002:000004d8 00000008H .CRT$XCZ                DATA
 0002:000004e0 00000008H .CRT$XIA                DATA
 0002:000004e8 00000008H .CRT$XIAA               DATA
 0002:000004f0 00000008H .CRT$XIZ                DATA
 0002:00000500 00004b64H .rdata                  DATA
 0002:00005068 00000008H .rtc$IAA                DATA
 0002:00005070 00000008H .rtc$IZZ                DATA
 0002:00005078 00000008H .rtc$TAA                DATA
 0002:00005080 00000008H .rtc$TZZ                DATA
 0002:00005088 000041a4H .xdata                  DATA
 0002:0000922c 000000b4H .idata$2                DATA
 0002:000092e0 00000014H .idata$3                DATA
 0002:000092f8 000004d0H .idata$4                DATA
 0002:000097c8 00000b16H .idata$6                DATA
 0002:0000a2e0 00000053H .edata                  DATA
 0003:00000000 0000b228H .data                   DATA
 0003:0000b240 00002858H .bss                    DATA
 0004:00000000 00003264H .pdata                  DATA

  Address         Publics by Value              Rva+Base               Lib:Object

 0000:00000000       ___safe_se_handler_table   0000000000000000     <absolute>
 0000:00000000       ___safe_se_handler_count   0000000000000000     <absolute>
 0000:00000000       __ImageBase                0000000180000000     <linker-defined>
 0001:00000000       sf_process_check_sum_call  0000000180001000 f   turbofan_sfun_registry.obj
 0001:00000070       sf_process_autoinheritance_call 0000000180001070 f   turbofan_sfun_registry.obj
 0001:000002b0       sf_process_get_eml_resolved_functions_info_call 00000001800012b0 f   turbofan_sfun_registry.obj
 0001:000004a0       sf_mex_unlock_call         00000001800014a0 f   turbofan_sfun_registry.obj
 0001:00000550       sf_machine_global_initializer_called 0000000180001550 f   turbofan_sfun_registry.obj
 0001:00000580       sf_machine_global_method_dispatcher 0000000180001580 f   turbofan_sfun_registry.obj
 0001:00000620       sf_machine_global_terminator 0000000180001620 f   turbofan_sfun_registry.obj
 0001:00000660       sf_register_machine_exported_symbols 0000000180001660 f   turbofan_sfun_registry.obj
 0001:00000690       callCustomFcn              0000000180001690 f   turbofan_sfun_registry.obj
 0001:000006a0       sf_machine_global_initializer 00000001800016a0 f   turbofan_sfun_registry.obj
 0001:00000720       _ssSetStateAbsTol          0000000180001720 f   turbofan_sfun_registry.obj
 0001:00000800       _ssGetAbsTol               0000000180001800 f   turbofan_sfun_registry.obj
 0001:00000870       _ssSetInputPortMatrixDimensions 0000000180001870 f   turbofan_sfun_registry.obj
 0001:00000980       _ssSetOutputPortMatrixDimensions 0000000180001980 f   turbofan_sfun_registry.obj
 0001:00000a90       _ssSetInputPortVectorDimension 0000000180001a90 f   turbofan_sfun_registry.obj
 0001:00000b60       _ssSetOutputPortVectorDimension 0000000180001b60 f   turbofan_sfun_registry.obj
 0001:00000c30       ssIsRunTimeParamTunable    0000000180001c30 f   turbofan_sfun_registry.obj
 0001:00000ca0       ssGetSFuncBlockHandle      0000000180001ca0 f   turbofan_sfun_registry.obj
 0001:00000d10       _ssGetCurrentInputPortWidth 0000000180001d10 f   turbofan_sfun_registry.obj
 0001:00000e30       _ssGetCurrentOutputPortWidth 0000000180001e30 f   turbofan_sfun_registry.obj
 0001:00000f50       _ssGetCallSystemNumFcnCallDestinations 0000000180001f50 f   turbofan_sfun_registry.obj
 0001:00000fc0       ssWarning                  0000000180001fc0 f   turbofan_sfun_registry.obj
 0001:000010d0       ssGetIsZeroCrossControlDisabled 00000001800020d0 f   turbofan_sfun_registry.obj
 0001:00001140       ssSetIsInputPortUsedForContZcSignal 0000000180002140 f   turbofan_sfun_registry.obj
 0001:000011b0       ssSetZcSignalIsZcElementDisc 00000001800021b0 f   turbofan_sfun_registry.obj
 0001:00001260       ssSetZcSignalName          0000000180002260 f   turbofan_sfun_registry.obj
 0001:000012d0       ssSetZcSignalWidth         00000001800022d0 f   turbofan_sfun_registry.obj
 0001:00001340       ssSetZcSignalZcEventType   0000000180002340 f   turbofan_sfun_registry.obj
 0001:000013b0       ssSetZcSignalType          00000001800023b0 f   turbofan_sfun_registry.obj
 0001:00001420       ssSetZcSignalZcTol         0000000180002420 f   turbofan_sfun_registry.obj
 0001:00001490       ssSetZcSignalNeedsEventNotification 0000000180002490 f   turbofan_sfun_registry.obj
 0001:00001500       ssCreateAndAddZcSignalInfo 0000000180002500 f   turbofan_sfun_registry.obj
 0001:00001570       ssCloneAndAddZcSignalInfo  0000000180002570 f   turbofan_sfun_registry.obj
 0001:000015e0       ssGetNumZcSignals          00000001800025e0 f   turbofan_sfun_registry.obj
 0001:00001650       ssGetZcSignalVector        0000000180002650 f   turbofan_sfun_registry.obj
 0001:000016c0       ssGetZcSignalZcEvents      00000001800026c0 f   turbofan_sfun_registry.obj
 0001:00001730       ssGetZcSignalName          0000000180002730 f   turbofan_sfun_registry.obj
 0001:000017a0       ssGetZcSignalWidth         00000001800027a0 f   turbofan_sfun_registry.obj
 0001:00001810       ssGetZcSignalZcEventType   0000000180002810 f   turbofan_sfun_registry.obj
 0001:00001880       ssGetZcSignalType          0000000180002880 f   turbofan_sfun_registry.obj
 0001:000018f0       ssGetZcSignalZcTol         00000001800028f0 f   turbofan_sfun_registry.obj
 0001:00001970       ssGetZcSignalNeedsEventNotification 0000000180002970 f   turbofan_sfun_registry.obj
 0001:000019e0       ssGetZcSignalIsZcElementDisc 00000001800029e0 f   turbofan_sfun_registry.obj
 0001:00001a80       ssGetIsInputPortElementContinuous 0000000180002a80 f   turbofan_sfun_registry.obj
 0001:00001b20       _ssGetInputPortSignalPtrsFcn 0000000180002b20 f   turbofan_sfun_registry.obj
 0001:00001de0       _ssGetInputPortSignalFcn   0000000180002de0 f   turbofan_sfun_registry.obj
 0001:00002000       _ssSetInputPortDirectFeedThroughFcn 0000000180003000 f   turbofan_sfun_registry.obj
 0001:00002160       _ssSetInputPortReusableFcn 0000000180003160 f   turbofan_sfun_registry.obj
 0001:00002250       _ssSetOutputPortReusableFcn 0000000180003250 f   turbofan_sfun_registry.obj
 0001:00002330       ssGetDTypeIdFromMxArray    0000000180003330 f   turbofan_sfun_registry.obj
 0001:00002450       ssWriteRTWStr              0000000180003450 f   turbofan_sfun_registry.obj
 0001:000024b0       ssWriteRTWMxVectParam      00000001800034b0 f   turbofan_sfun_registry.obj
 0001:00002510       ssWriteRTWMx2dMatParam     0000000180003510 f   turbofan_sfun_registry.obj
 0001:00002590       ssWriteRTWNameValuePair    0000000180003590 f   turbofan_sfun_registry.obj
 0001:00002a80       ssWriteRTWParameters       0000000180003a80 f   turbofan_sfun_registry.obj
 0001:00003080       ssWriteRTWParamSettings    0000000180004080 f   turbofan_sfun_registry.obj
 0001:00003750       ssWriteRTWWorkVect         0000000180004750 f   turbofan_sfun_registry.obj
 0001:00003c50       mexFunction                0000000180004c50 f   turbofan_sfun_registry.obj
 0001:00005910       ProcessMexSfunctionEveryCall 0000000180006910 f   turbofan_sfun_registry.obj
 0001:00005a80       turbofan_initializer       0000000180006a80 f   turbofan_sfun.obj
 0001:00005a90       turbofan_terminator        0000000180006a90 f   turbofan_sfun.obj
 0001:00005aa0       sf_turbofan_method_dispatcher 0000000180006aa0 f   turbofan_sfun.obj
 0001:00005ac0       sf_turbofan_process_check_sum_call 0000000180006ac0 f   turbofan_sfun.obj
 0001:00005ec0       sf_turbofan_autoinheritance_info 0000000180006ec0 f   turbofan_sfun.obj
 0001:00005fe0       sf_turbofan_get_eml_resolved_functions_info 0000000180006fe0 f   turbofan_sfun.obj
 0001:000060c0       turbofan_debug_initialize  00000001800070c0 f   turbofan_sfun.obj
 0001:00006130       turbofan_register_exported_symbols 0000000180007130 f   turbofan_sfun.obj
 0001:00006140       load_turbofan_optimization_info 0000000180007140 f   turbofan_sfun.obj
 0001:00006190       unload_turbofan_optimization_info 0000000180007190 f   turbofan_sfun.obj
 0001:000061c0       sf_send_message_wrapper    00000001800071c0 f   sfc_mex:sfc_sf.obj
 0001:000061f0       sf_receive_message_wrapper 00000001800071f0 f   sfc_mex:sfc_sf.obj
 0001:00006230       sf_check_out_message_wrapper 0000000180007230 f   sfc_mex:sfc_sf.obj
 0001:00006270       sf_check_in_message_wrapper 0000000180007270 f   sfc_mex:sfc_sf.obj
 0001:000062b0       sf_no_message_wrapper      00000001800072b0 f   sfc_mex:sfc_sf.obj
 0001:00006640       sim_mode_is_rtw_gen        0000000180007640 f   sfc_mex:sfc_sf.obj
 0001:00006670       sim_mode_is_external       0000000180007670 f   sfc_mex:sfc_sf.obj
 0001:00006680       sim_mode_is_modelref_sim   0000000180007680 f   sfc_mex:sfc_sf.obj
 0001:000066a0       mdlInitializeSizes         00000001800076a0 f   sfc_mex:sfc_sf.obj
 0001:000066c0       mdlInitializeSampleTimes   00000001800076c0 f   sfc_mex:sfc_sf.obj
 0001:00006700       mdlZeroCrossings           0000000180007700 f   sfc_mex:sfc_sf.obj
 0001:000067e0       mdlDerivatives             00000001800077e0 f   sfc_mex:sfc_sf.obj
 0001:00006890       mdl_initialize_conditions_processing 0000000180007890 f   sfc_mex:sfc_sf.obj
 0001:000068c0       mdlInitializeConditions    00000001800078c0 f   sfc_mex:sfc_sf.obj
 0001:00006980       mdlGetSimState             0000000180007980 f   sfc_mex:sfc_sf.obj
 0001:00006990       mdlSetSimState             0000000180007990 f   sfc_mex:sfc_sf.obj
 0001:000069a0       mdl_ext_mode_exec_processing 00000001800079a0 f   sfc_mex:sfc_sf.obj
 0001:000069c0       mdlExtModeExec             00000001800079c0 f   sfc_mex:sfc_sf.obj
 0001:00006b50       mdlTerminate               0000000180007b50 f   sfc_mex:sfc_sf.obj
 0001:00006bc0       mdlRTW                     0000000180007bc0 f   sfc_mex:sfc_sf.obj
 0001:00006bf0       mdlSetWorkWidths           0000000180007bf0 f   sfc_mex:sfc_sf.obj
 0001:00006c00       mdlProcessParameters       0000000180007c00 f   sfc_mex:sfc_sf.obj
 0001:00006c10       mdl_start_processing       0000000180007c10 f   sfc_mex:sfc_sf.obj
 0001:00006c70       mdlStart                   0000000180007c70 f   sfc_mex:sfc_sf.obj
 0001:00006d80       mdlEnable                  0000000180007d80 f   sfc_mex:sfc_sf.obj
 0001:00006e50       mdlDisable                 0000000180007e50 f   sfc_mex:sfc_sf.obj
 0001:00006f00       sf_get_chart_instance_ptr  0000000180007f00 f   sfc_mex:sfc_sf.obj
 0001:00006f20       sf_load_rtw_optimization_info 0000000180007f20 f   sfc_mex:sfc_sf.obj
 0001:00006ff0       sf_rtw_info_uint_prop      0000000180007ff0 f   sfc_mex:sfc_sf.obj
 0001:00007130       sf_is_chart_inlinable      0000000180008130 f   sfc_mex:sfc_sf.obj
 0001:00007150       sf_mark_output_events_with_multiple_callers 0000000180008150 f   sfc_mex:sfc_sf.obj
 0001:000072e0       sf_mark_chart_reusable_outputs 00000001800082e0 f   sfc_mex:sfc_sf.obj
 0001:00007540       sf_mark_chart_expressionable_inputs 0000000180008540 f   sfc_mex:sfc_sf.obj
 0001:000077a0       sf_get_subchart_simstruct  00000001800087a0 f   sfc_mex:sfc_sf.obj
 0001:000077f0       sf_get_fixpt_data_type_id  00000001800087f0 f   sfc_mex:sfc_sf.obj
 0001:00007830       sf_get_enum_data_type_id   0000000180008830 f   sfc_mex:sfc_sf.obj
 0001:00007870       sf_get_param_data_type_id  0000000180008870 f   sfc_mex:sfc_sf.obj
 0001:000078a0       sf_mex_listen_for_ctrl_c_force 00000001800088a0 f   sfc_mex:sfc_sf.obj
 0001:000079b0       sf_mex_draw_now            00000001800089b0 f   sfc_mex:sfc_sf.obj
 0001:000079f0       sf_mex_set_debugger_sim_status_listener_fcn 00000001800089f0 f   sfc_mex:sfc_sf.obj
 0001:00007a00       sf_mex_listen_for_ctrl_c   0000000180008a00 f   sfc_mex:sfc_sf.obj
 0001:00007a90       sf_mex_get_sfun_param      0000000180008a90 f   sfc_mex:sfc_sf.obj
 0001:00007ae0       sf_get_runtime_param_data  0000000180008ae0 f   sfc_mex:sfc_sf.obj
 0001:00007b20       sf_call_output_fcn_call    0000000180008b20 f   sfc_mex:sfc_sf.obj
 0001:00007c60       sf_call_output_fcn_enable  0000000180008c60 f   sfc_mex:sfc_sf.obj
 0001:00007cf0       sf_call_output_fcn_disable 0000000180008cf0 f   sfc_mex:sfc_sf.obj
 0001:00007d80       sf_clear_rtw_identifier    0000000180008d80 f   sfc_mex:sfc_sf.obj
 0001:00008570       sf_set_encoded_dwork_info  0000000180009570 f   sfc_mex:sfc_sf.obj
 0001:000085c0       sf_get_dwork_info_from_mat_file 00000001800095c0 f   sfc_mex:sfc_sf.obj
 0001:00008780       sf_set_rtw_dwork_info      0000000180009780 f   sfc_mex:sfc_sf.obj
 0001:000088f0       mdlOutputs                 00000001800098f0 f   sfc_mex:sfc_sf.obj
 0001:00008ae0       sf_mex_mx_is_numeric       0000000180009ae0 f   sfc_mex:sfc_mex.obj
 0001:00008b20       strcmp_ignore_ws           0000000180009b20 f   sfc_mex:sfc_mex.obj
 0001:00008c60       sf_mex_duplicatearraysafe  0000000180009c60 f   sfc_mex:sfc_mex.obj
 0001:00008dc0       sf_set_error_debugger_context_message_fcn 0000000180009dc0 f   sfc_mex:sfc_mex.obj
 0001:00008dd0       sf_set_debugger_matlab_error_fcn 0000000180009dd0 f   sfc_mex:sfc_mex.obj
 0001:00008e00       sf_set_error_prefix_string 0000000180009e00 f   sfc_mex:sfc_mex.obj
 0001:00008e30       sf_get_error_prefix_string 0000000180009e30 f   sfc_mex:sfc_mex.obj
 0001:00008e40       sf_mex_enter_parallel_region 0000000180009e40 f   sfc_mex:sfc_mex.obj
 0001:00008e50       sf_mex_exit_parallel_region 0000000180009e50 f   sfc_mex:sfc_mex.obj
 0001:00008e60       sf_get_current_jmp_buf_ptr 0000000180009e60 f   sfc_mex:sfc_mex.obj
 0001:00008e70       sf_set_current_jmp_buf_ptr 0000000180009e70 f   sfc_mex:sfc_mex.obj
 0001:00008e80       sf_mex_set_halt_simulation 0000000180009e80 f   sfc_mex:sfc_mex.obj
 0001:00008e90       sf_mex_get_halt_simulation 0000000180009e90 f   sfc_mex:sfc_mex.obj
 0001:00008ea0       sf_mex_clear_error_message 0000000180009ea0 f   sfc_mex:sfc_mex.obj
 0001:00008ec0       sf_mex_get_error_message_for_read 0000000180009ec0 f   sfc_mex:sfc_mex.obj
 0001:00008ed0       sf_mex_get_error_message_buffer_length 0000000180009ed0 f   sfc_mex:sfc_mex.obj
 0001:00008fb0       sf_mex_warning_message     0000000180009fb0 f   sfc_mex:sfc_mex.obj
 0001:00009020       sf_mex_v_errbuf_createf    000000018000a020 f   sfc_mex:sfc_mex.obj
 0001:00009030       sf_mex_errbuf_createf      000000018000a030 f   sfc_mex:sfc_mex.obj
 0001:00009060       sf_mex_v_errbuf_catf       000000018000a060 f   sfc_mex:sfc_mex.obj
 0001:000090a0       sf_mex_errbuf_catf         000000018000a0a0 f   sfc_mex:sfc_mex.obj
 0001:000090f0       sf_mex_errbuf_copy         000000018000a0f0 f   sfc_mex:sfc_mex.obj
 0001:00009100       sf_mex_errbuf_clear        000000018000a100 f   sfc_mex:sfc_mex.obj
 0001:00009110       sf_mex_errbuf_isempty      000000018000a110 f   sfc_mex:sfc_mex.obj
 0001:00009220       sf_mex_set_error_status    000000018000a220 f   sfc_mex:sfc_mex.obj
 0001:00009270       sf_mex_error_direct_call   000000018000a270 f   sfc_mex:sfc_mex.obj
 0001:00009290       sf_mex_error_message_no_long_jump 000000018000a290 f   sfc_mex:sfc_mex.obj
 0001:000092b0       sf_mex_long_jump_on_error  000000018000a2b0 f   sfc_mex:sfc_mex.obj
 0001:000092e0       sf_mex_call_matlab         000000018000a2e0 f   sfc_mex:sfc_mex.obj
 0001:00009400       sf_mex_check_builtin       000000018000a400 f   sfc_mex:sfc_mex.obj
 0001:000094a0       sf_mex_check_builtin_vs    000000018000a4a0 f   sfc_mex:sfc_mex.obj
 0001:00009560       sf_mex_check_enum          000000018000a560 f   sfc_mex:sfc_mex.obj
 0001:000095e0       sf_mex_create_enum         000000018000a5e0 f   sfc_mex:sfc_mex.obj
 0001:00009650       sf_mex_get_enum_element    000000018000a650 f   sfc_mex:sfc_mex.obj
 0001:00009660       sf_mex_createcellarray     000000018000a660 f   sfc_mex:sfc_mex.obj
 0001:00009670       sf_mex_setcell             000000018000a670 f   sfc_mex:sfc_mex.obj
 0001:00009680       sf_mex_getcell             000000018000a680 f   sfc_mex:sfc_mex.obj
 0001:00009690       sf_mex_dup                 000000018000a690 f   sfc_mex:sfc_mex.obj
 0001:000096b0       sf_mex_assign              000000018000a6b0 f   sfc_mex:sfc_mex.obj
 0001:00009730       sf_mex_destroy             000000018000a730 f   sfc_mex:sfc_mex.obj
 0001:00009760       mx_array_has_fi_type       000000018000a760 f   sfc_mex:sfc_mex.obj
 0001:00009790       sf_mex_convert_from_fi     000000018000a790 f   sfc_mex:sfc_mex.obj
 0001:000098c0       sf_mex_convert_to_double   000000018000a8c0 f   sfc_mex:sfc_mex.obj
 0001:000099e0       sf_mex_import_fi_vs        000000018000a9e0 f   sfc_mex:sfc_mex.obj
 0001:00009ba0       sf_matrix_matrix_index_ok  000000018000aba0 f   sfc_mex:sfc_mex.obj
 0001:00009c30       sf_vector_vector_index_ok  000000018000ac30 f   sfc_mex:sfc_mex.obj
 0001:00009c60       ssGetCurrentInputPortDimensions_wrapper 000000018000ac60 f   sfc_mex:sfc_mex.obj
 0001:00009c80       ssGetCurrentOutputPortDimensions_wrapper 000000018000ac80 f   sfc_mex:sfc_mex.obj
 0001:00009ca0       sf_mex_emlrt_context_is_debug_mode 000000018000aca0 f   sfc_mex:sfc_mex.obj
 0001:00009cb0       sf_mex_emlrt_context_set_debug_mode 000000018000acb0 f   sfc_mex:sfc_mex.obj
 0001:00009cc0       sf_mex_emlrtNameCapturePostProcessR2012a 000000018000acc0 f   sfc_mex:sfc_mex.obj
 0001:00009d30       sf_clear_error_manager_info 000000018000ad30 f   sfc_mex:sfc_mex.obj
 0001:00009d90       sf_mex_stop_simulation_abruptly_wo_error 000000018000ad90 f   sfc_mex:sfc_mex.obj
 0001:00009dd0       sf_mex_error_message       000000018000add0 f   sfc_mex:sfc_mex.obj
 0001:00009e30       sf_react_to_error_in_matlab_call 000000018000ae30 f   sfc_mex:sfc_mex.obj
 0001:00009e60       sf_mex_addfield            000000018000ae60 f   sfc_mex:sfc_mex.obj
 0001:00009f00       sf_mex_getfield            000000018000af00 f   sfc_mex:sfc_mex.obj
 0001:0000a200       sf_mex_check_class         000000018000b200 f   sfc_mex:sfc_mex.obj
 0001:0000a2a0       sf_mex_is_real             000000018000b2a0 f   sfc_mex:sfc_mex.obj
 0001:0000a710       sf_mex_decode_encoded_mx_struct_array 000000018000b710 f   sfc_mex:sfc_mex.obj
 0001:0000a9f0       sf_mex_lw_bounds_check     000000018000b9f0 f   sfc_mex:sfc_mex.obj
 0001:0000aa20       sf_mex_lw_size_eq_check_1d 000000018000ba20 f   sfc_mex:sfc_mex.obj
 0001:0000aa40       sf_mex_lw_size_eq_check_nd 000000018000ba40 f   sfc_mex:sfc_mex.obj
 0001:0000ac20       sf_mex_lw_dim_size_eq_check 000000018000bc20 f   sfc_mex:sfc_mex.obj
 0001:0000ac50       sf_mex_lw_dim_size_geq_check 000000018000bc50 f   sfc_mex:sfc_mex.obj
 0001:0000ac80       sf_mex_lw_sub_assign_size_check_nd 000000018000bc80 f   sfc_mex:sfc_mex.obj
 0001:0000aeb0       sf_mex_lw_runtime_error_msgid 000000018000beb0 f   sfc_mex:sfc_mex.obj
 0001:0000afa0       sf_mex_lw_matrix_matrix_index_check 000000018000bfa0 f   sfc_mex:sfc_mex.obj
 0001:0000afc0       sf_mex_lw_vector_vector_index_check 000000018000bfc0 f   sfc_mex:sfc_mex.obj
 0001:0000b000       sf_mex_lw_for_loop_vector_check 000000018000c000 f   sfc_mex:sfc_mex.obj
 0001:0000b090       sf_mex_lw_non_negative_check 000000018000c090 f   sfc_mex:sfc_mex.obj
 0001:0000b0d0       sf_mex_overflow_error      000000018000c0d0 f   sfc_mex:sfc_mex.obj
 0001:0000b0e0       sf_mex_dividebyzero_error  000000018000c0e0 f   sfc_mex:sfc_mex.obj
 0001:0000b0f0       sf_mex_unsafe_enum_error   000000018000c0f0 f   sfc_mex:sfc_mex.obj
 0001:0000b100       sf_emlrtErrHandler         000000018000c100 f   sfc_mex:sfc_mex.obj
 0001:0000b1e0       sf_mex_size_one_check      000000018000c1e0 f   sfc_mex:sfc_mex.obj
 0001:0000b200       sf_mex_printf              000000018000c200 f   sfc_mex:sfc_mex.obj
 0001:0000b3d0       sf_mex_check_size          000000018000c3d0 f   sfc_mex:sfc_mex.obj
 0001:0000b6a0       sf_mex_check_struct        000000018000c6a0 f   sfc_mex:sfc_mex.obj
 0001:0000b900       sf_mex_check_struct_vs     000000018000c900 f   sfc_mex:sfc_mex.obj
 0001:0000b990       sf_mex_check_fi            000000018000c990 f   sfc_mex:sfc_mex.obj
 0001:0000ba90       sf_mex_check_fi_vs         000000018000ca90 f   sfc_mex:sfc_mex.obj
 0001:0000bb30       sf_echo_expression         000000018000cb30 f   sfc_mex:sfc_mex.obj
 0001:0000bb90       sf_assertion_failed        000000018000cb90 f   sfc_mex:sfc_mex.obj
 0001:0000be70       sf_mex_evalin              000000018000ce70 f   sfc_mex:sfc_mex.obj
 0001:0000c0e0       sf_mex_export              000000018000d0e0 f   sfc_mex:sfc_mex.obj
 0001:0000c1a0       sf_mex_get_ml_var_no_error 000000018000d1a0 f   sfc_mex:sfc_mex.obj
 0001:0000c340       sf_mex_get_ml_var          000000018000d340 f   sfc_mex:sfc_mex.obj
 0001:0000c7e0       ml_set_element_value_in_array 000000018000d7e0 f   sfc_mex:sfc_mex.obj
 0001:0000deb0       sf_mex_call_impl           000000018000eeb0 f   sfc_mex:sfc_mex.obj
 0001:0000e3e0       sf_mex_call_debug          000000018000f3e0 f   sfc_mex:sfc_mex.obj
 0001:0000e410       sf_mex_call                000000018000f410 f   sfc_mex:sfc_mex.obj
 0001:0000ea60       sf_mex_createstruct        000000018000fa60 f   sfc_mex:sfc_mex.obj
 0001:0000eb50       sf_mex_createstructarray   000000018000fb50 f   sfc_mex:sfc_mex.obj
 0001:0000ebd0       sf_mex_get_mx_datatype_from_sf_datatype 000000018000fbd0 f   sfc_mex:sfc_mex.obj
 0001:0000eee0       sf_mex_ml_var_sub          000000018000fee0 f   sfc_mex:sfc_mex.obj
 0001:0000f0b0       sf_mex_ml_var_subsasgn     00000001800100b0 f   sfc_mex:sfc_mex.obj
 0001:0000f4a0       sf_mex_sub                 00000001800104a0 f   sfc_mex:sfc_mex.obj
 0001:0000f6a0       sf_mex_subsasgn            00000001800106a0 f   sfc_mex:sfc_mex.obj
 0001:0000fb80       sf_mex_create              0000000180010b80 f   sfc_mex:sfc_mex.obj
 0001:000105d0       sf_mex_import_named        00000001800115d0 f   sfc_mex:sfc_mex.obj
 0001:00010630       sf_mex_import              0000000180011630 f   sfc_mex:sfc_mex.obj
 0001:00010680       sf_mex_import_vs           0000000180011680 f   sfc_mex:sfc_mex.obj
 0001:00010790       sf_mex_lower_fixpt_mx_array 0000000180011790 f   sfc_mex:sfc_mex.obj
 0001:00010b20       sf_debug_disp              0000000180011b20 f   sfc_debug:sfcdebug.obj
 0001:00010d80       sf_debug_data_runtime_size_mismatch_error_check 0000000180011d80 f   sfc_debug:sfcdebug.obj
 0001:00010e20       sf_debug_try_loading_machine 0000000180011e20 f   sfc_debug:sfcdebug.obj
 0001:00010f20       sf_debug_reset_current_state_configuration 0000000180011f20 f   sfc_debug:sfcdebug.obj
 0001:00010fb0       sf_debug_store_current_state_configuration 0000000180011fb0 f   sfc_debug:sfcdebug.obj
 0001:00011040       sf_debug_restore_previous_state_configuration 0000000180012040 f   sfc_debug:sfcdebug.obj
 0001:000110d0       sf_debug_restore_previous_state_configuration2 00000001800120d0 f   sfc_debug:sfcdebug.obj
 0001:00011160       sf_debug_get_event_scope   0000000180012160 f   sfc_debug:sfcdebug.obj
 0001:000112d0       use_debugger_step_animation 00000001800122d0 f   sfc_debug:sfcdebug.obj
 0001:000112f0       sf_debug_get_script_id     00000001800122f0 f   sfc_debug:sfcdebug.obj
 0001:00011380       sf_debug_set_script_translation 0000000180012380 f   sfc_debug:sfcdebug.obj
 0001:00011500       sf_debug_extract_message_post_receive_info 0000000180012500 f   sfc_debug:sfcdebug.obj
 0001:00011600       sf_debug_get_current_machine_id 0000000180012600 f   sfc_debug:sfcdebug.obj
 0001:00011620       sf_debug_get_current_optional_integer 0000000180012620 f   sfc_debug:sfcdebug.obj
 0001:00011630       sf_debug_get_current_machine_number 0000000180012630 f   sfc_debug:sfcdebug.obj
 0001:00011650       sf_debug_get_current_machine_name 0000000180012650 f   sfc_debug:sfcdebug.obj
 0001:00011670       sf_debug_get_current_chart_id 0000000180012670 f   sfc_debug:sfcdebug.obj
 0001:000116c0       sf_debug_get_current_chart_number 00000001800126c0 f   sfc_debug:sfcdebug.obj
 0001:000116d0       sf_debug_get_current_instance_number 00000001800126d0 f   sfc_debug:sfcdebug.obj
 0001:000116e0       sf_debug_get_current_is_minor_time_step 00000001800126e0 f   sfc_debug:sfcdebug.obj
 0001:00011760       sf_debug_get_current_object_type 0000000180012760 f   sfc_debug:sfcdebug.obj
 0001:00011770       sf_debug_get_current_instance_handle 0000000180012770 f   sfc_debug:sfcdebug.obj
 0001:000117d0       sf_debug_get_current_event_type 00000001800127d0 f   sfc_debug:sfcdebug.obj
 0001:000117e0       sf_debug_get_current_object_id 00000001800127e0 f   sfc_debug:sfcdebug.obj
 0001:00011820       sf_debug_get_current_active_event_type 0000000180012820 f   sfc_debug:sfcdebug.obj
 0001:00011830       sf_debug_get_current_active_event_id 0000000180012830 f   sfc_debug:sfcdebug.obj
 0001:00011870       sf_debug_get_current_tag_type 0000000180012870 f   sfc_debug:sfcdebug.obj
 0001:00011880       sf_debug_get_current_simulation_time 0000000180012880 f   sfc_debug:sfcdebug.obj
 0001:00011890       sf_debug_get_current_coverage_percentage 0000000180012890 f   sfc_debug:sfcdebug.obj
 0001:000118a0       sf_debug_current_statement_context 00000001800128a0 f   sfc_debug:sfcdebug.obj
 0001:00011930       sf_debug_get_current_statement_info 0000000180012930 f   sfc_debug:sfcdebug.obj
 0001:00011ab0       sf_debug_terminate_instance 0000000180012ab0 f   sfc_debug:sfcdebug.obj
 0001:00011df0       sf_debug_assertion_failed  0000000180012df0 f   sfc_debug:sfcdebug.obj
 0001:00012050       sf_debug_set_number_of_data_with_change_event_for_machine 0000000180013050 f   sfc_debug:sfcdebug.obj
 0001:00012090       sf_debug_set_machine_event_thresholds 0000000180013090 f   sfc_debug:sfcdebug.obj
 0001:000120b0       sf_debug_set_machine_event_scope 00000001800130b0 f   sfc_debug:sfcdebug.obj
 0001:000120f0       sf_debug_set_machine_data_thresholds 00000001800130f0 f   sfc_debug:sfcdebug.obj
 0001:00012130       sf_debug_set_machine_data_scope 0000000180013130 f   sfc_debug:sfcdebug.obj
 0001:000121c0       sf_debug_set_machine_data_name 00000001800131c0 f   sfc_debug:sfcdebug.obj
 0001:00012260       sf_debug_set_machine_data_size 0000000180013260 f   sfc_debug:sfcdebug.obj
 0001:000123a0       sf_debug_set_machine_data_type 00000001800133a0 f   sfc_debug:sfcdebug.obj
 0001:00012510       sf_debug_get_chart_data_number 0000000180013510 f   sfc_debug:sfcdebug.obj
 0001:00012530       sf_debug_get_chart_event_number 0000000180013530 f   sfc_debug:sfcdebug.obj
 0001:00012550       sf_debug_set_chart_state_info 0000000180013550 f   sfc_debug:sfcdebug.obj
 0001:000125d0       sf_debug_set_chart_decomposition 00000001800135d0 f   sfc_debug:sfcdebug.obj
 0001:00012640       sf_debug_set_chart_substate_count 0000000180013640 f   sfc_debug:sfcdebug.obj
 0001:00012720       sf_debug_set_chart_substate_index 0000000180013720 f   sfc_debug:sfcdebug.obj
 0001:00012790       sf_debug_set_chart_state_substate_count 0000000180013790 f   sfc_debug:sfcdebug.obj
 0001:000128a0       sf_debug_set_chart_state_substate_index 00000001800138a0 f   sfc_debug:sfcdebug.obj
 0001:00012920       sf_debug_set_number_of_data_with_change_event_for_chart 0000000180013920 f   sfc_debug:sfcdebug.obj
 0001:000129a0       sf_debug_set_number_of_states_with_entry_event_for_chart 00000001800139a0 f   sfc_debug:sfcdebug.obj
 0001:00012a10       sf_debug_set_number_of_states_with_exit_event_for_chart 0000000180013a10 f   sfc_debug:sfcdebug.obj
 0001:00012a80       sf_debug_set_chart_disable_implicit_casting 0000000180013a80 f   sfc_debug:sfcdebug.obj
 0001:00012af0       sf_debug_set_chart_event_thresholds 0000000180013af0 f   sfc_debug:sfcdebug.obj
 0001:00012b60       sf_debug_set_chart_data_compiled_props 0000000180013b60 f   sfc_debug:sfcdebug.obj
 0001:00012eb0       sf_debug_set_chart_data_props 0000000180013eb0 f   sfc_debug:sfcdebug.obj
 0001:000131d0       sf_debug_check_fi_license  00000001800141d0 f   sfc_debug:sfcdebug.obj
 0001:000133c0       sf_debug_symbol_scope_push 00000001800143c0 f   sfc_debug:sfcdebug.obj
 0001:00013400       sf_debug_symbol_scope_push_eml 0000000180014400 f   sfc_debug:sfcdebug.obj
 0001:00013450       sf_debug_symbol_scope_pop  0000000180014450 f   sfc_debug:sfcdebug.obj
 0001:00013490       sf_debug_symbol_scope_add_importable 0000000180014490 f   sfc_debug:sfcdebug.obj
 0001:00013510       sf_debug_symbol_scope_add  0000000180014510 f   sfc_debug:sfcdebug.obj
 0001:00013590       sf_debug_symbol_scope_add_dyn_importable 0000000180014590 f   sfc_debug:sfcdebug.obj
 0001:00013650       sf_debug_symbol_scope_add_dyn 0000000180014650 f   sfc_debug:sfcdebug.obj
 0001:00013680       sf_debug_symbol_scope_add_eml_importable 0000000180014680 f   sfc_debug:sfcdebug.obj
 0001:000136c0       sf_debug_symbol_scope_add_eml 00000001800146c0 f   sfc_debug:sfcdebug.obj
 0001:00013700       sf_debug_symbol_scope_add_eml_dyn_importable 0000000180014700 f   sfc_debug:sfcdebug.obj
 0001:00013770       sf_debug_symbol_scope_add_eml_dyn 0000000180014770 f   sfc_debug:sfcdebug.obj
 0001:000137d0       sf_debug_symbol_switch     00000001800147d0 f   sfc_debug:sfcdebug.obj
 0001:000137f0       sf_debug_symbol_scope_add_verbose 00000001800147f0 f   sfc_debug:sfcdebug.obj
 0001:000138c0       sf_debug_set_machine_data_value_ptr 00000001800148c0 f   sfc_debug:sfcdebug.obj
 0001:00013900       sf_debug_set_instance_data_value_ptr 0000000180014900 f   sfc_debug:sfcdebug.obj
 0001:000139c0       sf_debug_unset_instance_data_value_ptr 00000001800149c0 f   sfc_debug:sfcdebug.obj
 0001:00013a70       sf_debug_set_chart_event_scope 0000000180014a70 f   sfc_debug:sfcdebug.obj
 0001:00013af0       sf_debug_set_chart_transition_coverage_maps 0000000180014af0 f   sfc_debug:sfcdebug.obj
 0001:00013c00       sf_debug_set_chart_state_coverage_maps 0000000180014c00 f   sfc_debug:sfcdebug.obj
 0001:00013ce0       sf_debug_set_instance_transition_coverage_weights 0000000180014ce0 f   sfc_debug:sfcdebug.obj
 0001:00013d80       sf_debug_set_instance_state_coverage_weights 0000000180014d80 f   sfc_debug:sfcdebug.obj
 0001:00013fd0       sf_debug_unload_machine    0000000180014fd0 f   sfc_debug:sfcdebug.obj
 0001:00014020       sf_debug_load_machine      0000000180015020 f   sfc_debug:sfcdebug.obj
 0001:00014120       sf_debug_set_active_instance_in_data_dictionary 0000000180015120 f   sfc_debug:sfcdebug.obj
 0001:00014300       sf_debug_set_active_instance 0000000180015300 f   sfc_debug:sfcdebug.obj
 0001:00014460       sf_debug_chart_visiblity_change 0000000180015460 f   sfc_debug:sfcdebug.obj
 0001:00014560       sf_debug_select_chart      0000000180015560 f   sfc_debug:sfcdebug.obj
 0001:000146d0       sf_debug_set_instance_cv_ids 00000001800156d0 f   sfc_debug:sfcdebug.obj
 0001:000149e0       sf_debug_select_charts     00000001800159e0 f   sfc_debug:sfcdebug.obj
 0001:00014b70       sf_debug_initialized       0000000180015b70 f   sfc_debug:sfcdebug.obj
 0001:00014b80       sf_debug_is_uninterruptible 0000000180015b80 f   sfc_debug:sfcdebug.obj
 0001:00014bb0       sf_debug_initialize_debugger_gui 0000000180015bb0 f   sfc_debug:sfcdebug.obj
 0001:00014fa0       sf_debug_resume            0000000180015fa0 f   sfc_debug:sfcdebug.obj
 0001:00014fc0       sf_debug_go                0000000180015fc0 f   sfc_debug:sfcdebug.obj
 0001:00014fd0       sf_debug_break             0000000180015fd0 f   sfc_debug:sfcdebug.obj
 0001:00014fe0       sf_debug_step_over         0000000180015fe0 f   sfc_debug:sfcdebug.obj
 0001:00014ff0       sf_debug_step_out          0000000180015ff0 f   sfc_debug:sfcdebug.obj
 0001:00015000       sf_debug_set_disable_all_breakpoints 0000000180016000 f   sfc_debug:sfcdebug.obj
 0001:00015010       sf_debug_disable_all_breakpoints_and_go 0000000180016010 f   sfc_debug:sfcdebug.obj
 0001:00015020       sf_debug_break_on_chart_entry 0000000180016020 f   sfc_debug:sfcdebug.obj
 0001:00015030       sf_debug_break_on_event_broadcast 0000000180016030 f   sfc_debug:sfcdebug.obj
 0001:00015040       sf_debug_break_on_state_entry 0000000180016040 f   sfc_debug:sfcdebug.obj
 0001:00015050       sf_debug_break_between_times 0000000180016050 f   sfc_debug:sfcdebug.obj
 0001:00015070       sf_debug_browse_data       0000000180016070 f   sfc_debug:sfcdebug.obj
 0001:00015090       sf_debug_watch_data        0000000180016090 f   sfc_debug:sfcdebug.obj
 0001:000150b0       sf_debug_assign_data       00000001800160b0 f   sfc_debug:sfcdebug.obj
 0001:000150d0       sf_debug_whos              00000001800160d0 f   sfc_debug:sfcdebug.obj
 0001:000150f0       sf_debug_get_consistency_info 00000001800160f0 f   sfc_debug:sfcdebug.obj
 0001:00015100       sf_debug_browse_trace      0000000180016100 f   sfc_debug:sfcdebug.obj
 0001:00015110       sf_debug_set_breakpoints   0000000180016110 f   sfc_debug:sfcdebug.obj
 0001:00015270       sf_debug_set_eml_breakpoints 0000000180016270 f   sfc_debug:sfcdebug.obj
 0001:000153d0       sf_debug_set_script_breakpoints 00000001800163d0 f   sfc_debug:sfcdebug.obj
 0001:00015450       sf_debug_add_script_breakpoints 0000000180016450 f   sfc_debug:sfcdebug.obj
 0001:000154c0       sf_debug_clear_script_breakpoints 00000001800164c0 f   sfc_debug:sfcdebug.obj
 0001:00015530       sf_debug_query_script_breakpoints 0000000180016530 f   sfc_debug:sfcdebug.obj
 0001:000155f0       sf_debug_get_eml_script_id 00000001800165f0 f   sfc_debug:sfcdebug.obj
 0001:00015640       sf_debug_set_watch         0000000180016640 f   sfc_debug:sfcdebug.obj
 0001:00015870       sf_debug_get_instance_handle 0000000180016870 f   sfc_debug:sfcdebug.obj
 0001:00015900       sf_debug_get_active_states 0000000180016900 f   sfc_debug:sfcdebug.obj
 0001:00015910       sf_debug_get_animation     0000000180016910 f   sfc_debug:sfcdebug.obj
 0001:00015920       sf_debug_set_animation     0000000180016920 f   sfc_debug:sfcdebug.obj
 0001:00015930       sf_debug_animate           0000000180016930 f   sfc_debug:sfcdebug.obj
 0001:00015960       sf_debug_cycle_detection_check 0000000180016960 f   sfc_debug:sfcdebug.obj
 0001:00015970       sf_debug_data_range_check  0000000180016970 f   sfc_debug:sfcdebug.obj
 0001:00015980       sf_debug_transition_conflict_check 0000000180016980 f   sfc_debug:sfcdebug.obj
 0001:00015990       sf_debug_state_consistency_check 0000000180016990 f   sfc_debug:sfcdebug.obj
 0001:000159a0       sf_debug_data_range_check_enabled 00000001800169a0 f   sfc_debug:sfcdebug.obj
 0001:000159c0       sf_debug_transition_conflict_check_enabled 00000001800169c0 f   sfc_debug:sfcdebug.obj
 0001:000159e0       sf_debug_transition_conflict_check_begin 00000001800169e0 f   sfc_debug:sfcdebug.obj
 0001:00015a00       sf_debug_transition_conflict_check_end 0000000180016a00 f   sfc_debug:sfcdebug.obj
 0001:00015a20       sf_debug_stop_debugging    0000000180016a20 f   sfc_debug:sfcdebug.obj
 0001:00015a50       sf_debug_is_cycle_detected 0000000180016a50 f   sfc_debug:sfcdebug.obj
 0001:00015a60       sf_debug_is_array_bounds_detected 0000000180016a60 f   sfc_debug:sfcdebug.obj
 0001:00015a70       sf_debug_get_state_vectors_data_size 0000000180016a70 f   sfc_debug:sfcdebug.obj
 0001:00015ab0       sf_debug_get_state_vectors_data 0000000180016ab0 f   sfc_debug:sfcdebug.obj
 0001:00015bb0       sf_debug_set_state_vectors_data 0000000180016bb0 f   sfc_debug:sfcdebug.obj
 0001:00015e70       sf_debug_get_script_index  0000000180016e70 f   sfc_debug:sfcdebug.obj
 0001:00016000       sf_debug_add_script        0000000180017000 f   sfc_debug:sfcdebug.obj
 0001:00016190       cv_eval_point              0000000180017190 f   sfc_debug:sfcdebug.obj
 0001:00016300       cv_eval_testobjective      0000000180017300 f   sfc_debug:sfcdebug.obj
 0001:00016420       sf_debug_cv_init_state     0000000180017420 f   sfc_debug:sfcdebug.obj
 0001:00016540       sf_debug_cv_init_chart     0000000180017540 f   sfc_debug:sfcdebug.obj
 0001:00016620       sf_debug_cv_init_trans     0000000180017620 f   sfc_debug:sfcdebug.obj
 0001:00016720       sf_debug_cv_init_testobjectives 0000000180017720 f   sfc_debug:sfcdebug.obj
 0001:00016900       cv_eml_init_script         0000000180017900 f   sfc_debug:sfcdebug.obj
 0001:00016a10       cv_eml_init_fcn            0000000180017a10 f   sfc_debug:sfcdebug.obj
 0001:00016ac0       cv_eml_init_testobjective  0000000180017ac0 f   sfc_debug:sfcdebug.obj
 0001:00016b90       cv_eml_init_saturation     0000000180017b90 f   sfc_debug:sfcdebug.obj
 0001:00016c50       cv_eml_init_if             0000000180017c50 f   sfc_debug:sfcdebug.obj
 0001:00016d20       cv_eml_init_for            0000000180017d20 f   sfc_debug:sfcdebug.obj
 0001:00016de0       cv_eml_init_while          0000000180017de0 f   sfc_debug:sfcdebug.obj
 0001:00016ea0       cv_eml_init_mcdc           0000000180017ea0 f   sfc_debug:sfcdebug.obj
 0001:00016fb0       cv_eml_init_switch         0000000180017fb0 f   sfc_debug:sfcdebug.obj
 0001:000170a0       cv_eml_eval                00000001800180a0 f   sfc_debug:sfcdebug.obj
 0001:00017180       sf_debug_bm_is_a_eml_breakpoint 0000000180018180 f   sfc_debug:sfcdebug.obj
 0001:000172d0       sf_debug_temporal_threshold 00000001800182d0 f   sfc_debug:sfcdebug.obj
 0001:00017630       sf_debug_transition_conflict_error 0000000180018630 f   sfc_debug:sfcdebug.obj
 0001:000179b0       sf_debug_state_inconsistency_error 00000001800189b0 f   sfc_debug:sfcdebug.obj
 0001:00017ad0       sf_debug_check_for_state_inconsistency 0000000180018ad0 f   sfc_debug:sfcdebug.obj
 0001:00017b00       sf_debug_cycle_detecton_error 0000000180018b00 f   sfc_debug:sfcdebug.obj
 0001:000182d0       sf_debug_size_eq_check_1d  00000001800192d0 f   sfc_debug:sfcdebug.obj
 0001:000182f0       sf_debug_size_eq_check_nd  00000001800192f0 f   sfc_debug:sfcdebug.obj
 0001:000184d0       sf_debug_dim_size_eq_check 00000001800194d0 f   sfc_debug:sfcdebug.obj
 0001:00018500       sf_debug_dim_size_geq_check 0000000180019500 f   sfc_debug:sfcdebug.obj
 0001:00018530       sf_debug_sub_assign_size_check_nd 0000000180019530 f   sfc_debug:sfcdebug.obj
 0001:00018770       sf_debug_matrix_matrix_index_check 0000000180019770 f   sfc_debug:sfcdebug.obj
 0001:000187a0       sf_debug_vector_vector_index_check 00000001800197a0 f   sfc_debug:sfcdebug.obj
 0001:000187d0       sf_debug_for_loop_vector_check 00000001800197d0 f   sfc_debug:sfcdebug.obj
 0001:00018860       sf_debug_runtime_error_msgid 0000000180019860 f   sfc_debug:sfcdebug.obj
 0001:000188f0       sf_debug_data_array_bounds_error_check 00000001800198f0 f   sfc_debug:sfcdebug.obj
 0001:00018a00       sf_debug_eml_data_array_bounds_error_check 0000000180019a00 f   sfc_debug:sfcdebug.obj
 0001:00018ee0       sf_debug_integer_check     0000000180019ee0 f   sfc_debug:sfcdebug.obj
 0001:00018fc0       sf_debug_not_nan_check     0000000180019fc0 f   sfc_debug:sfcdebug.obj
 0001:00019080       sf_debug_non_negative_check 000000018001a080 f   sfc_debug:sfcdebug.obj
 0001:00019140       sf_debug_overflow_detection 000000018001a140 f   sfc_debug:sfcdebug.obj
 0001:00019830       sf_debug_cast_to_real32_T  000000018001a830 f   sfc_debug:sfcdebug.obj
 0001:000198f0       sf_debug_cast_to_int8_T    000000018001a8f0 f   sfc_debug:sfcdebug.obj
 0001:000199b0       sf_debug_cast_to_uint8_T   000000018001a9b0 f   sfc_debug:sfcdebug.obj
 0001:00019a70       sf_debug_cast_to_int16_T   000000018001aa70 f   sfc_debug:sfcdebug.obj
 0001:00019b30       sf_debug_cast_to_uint16_T  000000018001ab30 f   sfc_debug:sfcdebug.obj
 0001:00019bf0       sf_debug_cast_to_int32_T   000000018001abf0 f   sfc_debug:sfcdebug.obj
 0001:00019cb0       sf_debug_cast_to_uint32_T  000000018001acb0 f   sfc_debug:sfcdebug.obj
 0001:00019d70       sf_debug_data_range_error  000000018001ad70 f   sfc_debug:sfcdebug.obj
 0001:0001a0c0       sf_debug_read_before_write_check 000000018001b0c0 f   sfc_debug:sfcdebug.obj
 0001:0001a520       sf_debug_data_range_error_wrapper_min_max 000000018001b520 f   sfc_debug:sfcdebug.obj
 0001:0001a610       sf_debug_data_range_error_wrapper_min 000000018001b610 f   sfc_debug:sfcdebug.obj
 0001:0001a6f0       sf_debug_data_range_error_wrapper_max 000000018001b6f0 f   sfc_debug:sfcdebug.obj
 0001:0001a7d0       sf_debug_data_range_wrapper 000000018001b7d0 f   sfc_debug:sfcdebug.obj
 0001:0001a880       sf_debug_set_current_status_info 000000018001b880 f   sfc_debug:sfcdebug.obj
 0001:0001ac30       sf_debug_register_message_post_receive_info 000000018001bc30 f   sfc_debug:sfcdebug.obj
 0001:0001aea0       sf_debug_call              000000018001bea0 f   sfc_debug:sfcdebug.obj
 0001:0001bb00       sf_debug_initialize_machine 000000018001cb00 f   sfc_debug:sfcdebug.obj
 0001:0001be10       sf_debug_initialize_chart  000000018001ce10 f   sfc_debug:sfcdebug.obj
 0001:0001c260       sf_debug_ensure_script     000000018001d260 f   sfc_debug:sfcdebug.obj
 0001:0001c320       cv_script_init_script      000000018001d320 f   sfc_debug:sfcdebug.obj
 0001:0001c410       cv_script_init_fcn         000000018001d410 f   sfc_debug:sfcdebug.obj
 0001:0001c4c0       cv_script_init_testobjective 000000018001d4c0 f   sfc_debug:sfcdebug.obj
 0001:0001c570       cv_script_init_if          000000018001d570 f   sfc_debug:sfcdebug.obj
 0001:0001c620       cv_script_init_for         000000018001d620 f   sfc_debug:sfcdebug.obj
 0001:0001c6d0       cv_script_init_while       000000018001d6d0 f   sfc_debug:sfcdebug.obj
 0001:0001c780       cv_script_init_mcdc        000000018001d780 f   sfc_debug:sfcdebug.obj
 0001:0001c880       cv_script_init_switch      000000018001d880 f   sfc_debug:sfcdebug.obj
 0001:0001c960       cv_script_eval             000000018001d960 f   sfc_debug:sfcdebug.obj
 0001:0001ca40       eml_debug_line_call        000000018001da40 f   sfc_debug:sfcdebug.obj
 0001:0001cbf0       sf_debug_terminate         000000018001dbf0 f   sfc_debug:sfcdebug.obj
 0001:0001cd60       sf_debug_set_script_cv_ids 000000018001dd60 f   sfc_debug:sfcdebug.obj
 0001:0001ce90       sf_debug_api               000000018001de90 f   sfc_debug:sfc_api.obj
 0001:0001e540       sf_debug_sm_terminate      000000018001f540 f   sfc_debug:sfdb_animation.obj
 0001:0001e700       sf_debug_reset_path_objects 000000018001f700 f   sfc_debug:sfdb_animation.obj
 0001:0001e780       sf_debug_sm_reset_object_selection_status 000000018001f780 f   sfc_debug:sfdb_animation.obj
 0001:0001e820       sf_debug_sm_reset_state_buffer 000000018001f820 f   sfc_debug:sfdb_animation.obj
 0001:0001e8f0       sf_debug_sm_store_state_buffer 000000018001f8f0 f   sfc_debug:sfdb_animation.obj
 0001:0001e970       sf_debug_sm_restore_state_buffer1 000000018001f970 f   sfc_debug:sfdb_animation.obj
 0001:0001e9e0       sf_debug_sm_restore_state_buffer2 000000018001f9e0 f   sfc_debug:sfdb_animation.obj
 0001:0001ea50       sf_debug_sm_chart_active   000000018001fa50 f   sfc_debug:sfdb_animation.obj
 0001:0001eaa0       sf_debug_sm_select_active_objects 000000018001faa0 f   sfc_debug:sfdb_animation.obj
 0001:0001ef90       sf_debug_sm_is_chart_active 000000018001ff90 f   sfc_debug:sfdb_animation.obj
 0001:0001efd0       sf_debug_sm_is_state_active 000000018001ffd0 f   sfc_debug:sfdb_animation.obj
 0001:0001f210       sf_debug_sm_get_active_states 0000000180020210 f   sfc_debug:sfdb_animation.obj
 0001:0001f7d0       sf_debug_sm_initialize_instance 00000001800207d0 f   sfc_debug:sfdb_animation.obj
 0001:0001f9f0       sf_debug_sm_change_object_selection_status 00000001800209f0 f   sfc_debug:sfdb_animation.obj
 0001:0001fd00       cv_create_interface        0000000180020d00 f   sfc_debug:cv_sfinterface.obj
 0001:00020060       cv_init_trans              0000000180021060 f   sfc_debug:cv_sfinterface.obj
 0001:000200b0       cv_init_testobjective      00000001800210b0 f   sfc_debug:cv_sfinterface.obj
 0001:000200f0       cv_init_state              00000001800210f0 f   sfc_debug:cv_sfinterface.obj
 0001:00020160       cv_init_chart              0000000180021160 f   sfc_debug:cv_sfinterface.obj
 0001:000201b0       cv_dec_update_call         00000001800211b0 f   sfc_debug:cv_sfinterface.obj
 0001:000201f0       cv_cond_update_call        00000001800211f0 f   sfc_debug:cv_sfinterface.obj
 0001:00020230       cv_testobjective_update_call 0000000180021230 f   sfc_debug:cv_sfinterface.obj
 0001:00020270       cv_sigrange_update         0000000180021270 f   sfc_debug:cv_sfinterface.obj
 0001:000202b0       cvsf_eml_eval              00000001800212b0 f   sfc_debug:cv_sfinterface.obj
 0001:000203a0       cvsf_eml_init_script       00000001800213a0 f   sfc_debug:cv_sfinterface.obj
 0001:00020430       cvsf_eml_init_fcn          0000000180021430 f   sfc_debug:cv_sfinterface.obj
 0001:00020490       cvsf_eml_init_testobjective 0000000180021490 f   sfc_debug:cv_sfinterface.obj
 0001:000204f0       cvsf_eml_init_saturation   00000001800214f0 f   sfc_debug:cv_sfinterface.obj
 0001:00020540       cvsf_eml_init_if           0000000180021540 f   sfc_debug:cv_sfinterface.obj
 0001:000205a0       cvsf_eml_init_for          00000001800215a0 f   sfc_debug:cv_sfinterface.obj
 0001:000205f0       cvsf_eml_init_while        00000001800215f0 f   sfc_debug:cv_sfinterface.obj
 0001:00020640       cvsf_eml_init_mcdc         0000000180021640 f   sfc_debug:cv_sfinterface.obj
 0001:000206d0       cvsf_eml_init_switch       00000001800216d0 f   sfc_debug:cv_sfinterface.obj
 0001:00020740       cvsf_script_eval           0000000180021740 f   sfc_debug:cv_sfinterface.obj
 0001:00020830       cvsf_script_init_script    0000000180021830 f   sfc_debug:cv_sfinterface.obj
 0001:000208c0       cvsf_script_init_fcn       00000001800218c0 f   sfc_debug:cv_sfinterface.obj
 0001:00020920       cvsf_script_init_testobjective 0000000180021920 f   sfc_debug:cv_sfinterface.obj
 0001:00020980       cvsf_script_init_saturation 0000000180021980 f   sfc_debug:cv_sfinterface.obj
 0001:000209d0       cvsf_script_init_if        00000001800219d0 f   sfc_debug:cv_sfinterface.obj
 0001:00020a30       cvsf_script_init_for       0000000180021a30 f   sfc_debug:cv_sfinterface.obj
 0001:00020a80       cvsf_script_init_while     0000000180021a80 f   sfc_debug:cv_sfinterface.obj
 0001:00020ad0       cvsf_script_init_mcdc      0000000180021ad0 f   sfc_debug:cv_sfinterface.obj
 0001:00020b60       cvsf_script_init_switch    0000000180021b60 f   sfc_debug:cv_sfinterface.obj
 0001:00020bd0       cv_destroy_interface       0000000180021bd0 f   sfc_debug:cv_sfinterface.obj
 0001:00020bf0       cv_create_instance_objects 0000000180021bf0 f   sfc_debug:cv_sfinterface.obj
 0001:000210a0       cv_is_enabled              00000001800220a0 f   sfc_debug:cv_sfinterface.obj
 0001:000210b0       sf_debug_cv_initialize_script 00000001800220b0 f   sfc_debug:cv_sfinterface.obj
 0001:00021260       sf_debug_cv_initialize_instance 0000000180022260 f   sfc_debug:cv_sfinterface.obj
 0001:00021600       sf_debug_cv_terminate_chart 0000000180022600 f   sfc_debug:cv_sfinterface.obj
 0001:00021740       cv_call_trans_test         0000000180022740 f   sfc_debug:cv_sfinterface.obj
 0001:00021750       cv_call_sub_cond_test      0000000180022750 f   sfc_debug:cv_sfinterface.obj
 0001:00021790       sf_debug_st_initialize_machine 0000000180022790 f   sfc_debug:sfdb_data_browse.obj
 0001:00021850       sf_debug_st_initialize_instance 0000000180022850 f   sfc_debug:sfdb_data_browse.obj
 0001:00021a80       sf_debug_st_terminate      0000000180022a80 f   sfc_debug:sfdb_data_browse.obj
 0001:00021e20       sf_debug_st_set_data_value_ptr_in_machine 0000000180022e20 f   sfc_debug:sfdb_data_browse.obj
 0001:00021eb0       sf_debug_st_set_data_value_ptr_in_instance 0000000180022eb0 f   sfc_debug:sfdb_data_browse.obj
 0001:00021f90       sf_debug_st_unset_data_value_ptr_in_machine 0000000180022f90 f   sfc_debug:sfdb_data_browse.obj
 0001:00022000       sf_debug_st_unset_data_value_ptr_in_instance 0000000180023000 f   sfc_debug:sfdb_data_browse.obj
 0001:00022310       sf_debug_mx_value          0000000180023310 f   sfc_debug:sfdb_data_browse.obj
 0001:00022370       sf_debug_mx_packed_vector  0000000180023370 f   sfc_debug:sfdb_data_browse.obj
 0001:00022450       sf_debug_mx_uint_vector    0000000180023450 f   sfc_debug:sfdb_data_browse.obj
 0001:00022510       sf_debug_st_get_double_value_from_void_ptr_vector 0000000180023510 f   sfc_debug:sfdb_data_browse.obj
 0001:00023000       sf_debug_st_browse_data    0000000180024000 f   sfc_debug:sfdb_data_browse.obj
 0001:00023890       sf_debug_hm_initialize_instance 0000000180024890 f   sfc_debug:sfdb_handle_management.obj
 0001:00023dc0       sf_debug_hm_get_object_id  0000000180024dc0 f   sfc_debug:sfdb_handle_management.obj
 0001:00024970       sf_debug_hm_update_chart_visibility 0000000180025970 f   sfc_debug:sfdb_handle_management.obj
 0001:00025c50       sf_debug_object_is_eml_function 0000000180026c50 f   sfc_debug:sfdb_handle_management.obj
 0001:00025cc0       sf_debug_hm_initialize_ids_in_machine 0000000180026cc0 f   sfc_debug:sfdb_handle_management.obj
 0001:00025e30       sf_debug_hm_initialize_ids_in_chart 0000000180026e30 f   sfc_debug:sfdb_handle_management.obj
 0001:00025f30       sf_debug_hm_initialize_chart 0000000180026f30 f   sfc_debug:sfdb_handle_management.obj
 0001:000266d0       sf_debug_hm_terminate      00000001800276d0 f   sfc_debug:sfdb_handle_management.obj
 0001:00026730       sf_debug_hm_initialize_machine 0000000180027730 f   sfc_debug:sfdb_handle_management.obj
 0001:00026ee0       sf_debug_ss_initialize     0000000180027ee0 f   sfc_debug:sfdb_symbol_scope.obj
 0001:00026f00       sf_debug_ss_terminate      0000000180027f00 f   sfc_debug:sfdb_symbol_scope.obj
 0001:00026f90       sf_debug_ss_push_symbol_scope 0000000180027f90 f   sfc_debug:sfdb_symbol_scope.obj
 0001:00027090       sf_debug_ss_push_symbol_scope_eml 0000000180028090 f   sfc_debug:sfdb_symbol_scope.obj
 0001:000270f0       sf_debug_ss_pop_symbol_scope 00000001800280f0 f   sfc_debug:sfdb_symbol_scope.obj
 0001:000271a0       sf_debug_ss_add_symbol     00000001800281a0 f   sfc_debug:sfdb_symbol_scope.obj
 0001:00027300       sf_debug_ss_add_symbol_eml 0000000180028300 f   sfc_debug:sfdb_symbol_scope.obj
 0001:00028020       sf_debug_ss_set_data_value 0000000180029020 f   sfc_debug:sfdb_symbol_scope.obj
 0001:000284f0       getInstanceNumber          00000001800294f0 f   sfc_debug:sfdb_symbol_scope.obj
 0001:000285c0       sf_debug_ss_watch_data     00000001800295c0 f   sfc_debug:sfdb_symbol_scope.obj
 0001:00028760       sf_debug_ss_assign_data    0000000180029760 f   sfc_debug:sfdb_symbol_scope.obj
 0001:00029180       get_data_entry_name        000000018002a180 f   sfc_debug:sfdb_symbol_scope.obj
 0001:000291d0       sf_debug_ss_whos           000000018002a1d0 f   sfc_debug:sfdb_symbol_scope.obj
 0001:000298f0       sf_debug_cc_initialize_chart 000000018002a8f0 f   sfc_debug:sfdb_coverage.obj
 0001:0002a2e0       sf_debug_cc_initialize_instance 000000018002b2e0 f   sfc_debug:sfdb_coverage.obj
 0001:0002b0f0       sf_debug_cc_terminate      000000018002c0f0 f   sfc_debug:sfdb_coverage.obj
 0001:0002b1e0       sf_debug_cc_set_transition_maps 000000018002c1e0 f   sfc_debug:sfdb_coverage.obj
 0001:0002b310       sf_debug_cc_set_state_maps 000000018002c310 f   sfc_debug:sfdb_coverage.obj
 0001:0002b3f0       sf_debug_cc_set_transition_weights 000000018002c3f0 f   sfc_debug:sfdb_coverage.obj
 0001:0002b6c0       sf_debug_cc_set_state_weights 000000018002c6c0 f   sfc_debug:sfdb_coverage.obj
 0001:0002b990       sf_debug_cc_mark_transition_guard 000000018002c990 f   sfc_debug:sfdb_coverage.obj
 0001:0002ba20       sf_debug_cc_mark_transition_trigger 000000018002ca20 f   sfc_debug:sfdb_coverage.obj
 0001:0002bab0       sf_debug_cc_mark_transition_decision 000000018002cab0 f   sfc_debug:sfdb_coverage.obj
 0001:0002bb20       sf_debug_cc_mark_transition_condition_action 000000018002cb20 f   sfc_debug:sfdb_coverage.obj
 0001:0002bb70       sf_debug_cc_mark_transition_transition_action 000000018002cb70 f   sfc_debug:sfdb_coverage.obj
 0001:0002bbc0       sf_debug_cc_mark_state_entry 000000018002cbc0 f   sfc_debug:sfdb_coverage.obj
 0001:0002bc10       sf_debug_cc_mark_state_during 000000018002cc10 f   sfc_debug:sfdb_coverage.obj
 0001:0002bc60       sf_debug_cc_mark_state_exit 000000018002cc60 f   sfc_debug:sfdb_coverage.obj
 0001:0002bcb0       sf_debug_bm_clear_script_breakpoints 000000018002ccb0 f   sfc_debug:sfdb_breakpoints.obj
 0001:0002bce0       sf_debug_bm_set_script_breakpoint 000000018002cce0 f   sfc_debug:sfdb_breakpoints.obj
 0001:0002bd60       sf_debug_bm_clear_single_script_breakpoint 000000018002cd60 f   sfc_debug:sfdb_breakpoints.obj
 0001:0002bde0       sf_debug_bm_query_script_breakpoint 000000018002cde0 f   sfc_debug:sfdb_breakpoints.obj
 0001:0002be30       sf_debug_bm_initialize_scripts 000000018002ce30 f   sfc_debug:sfdb_breakpoints.obj
 0001:0002c550       sf_debug_bm_terminate      000000018002d550 f   sfc_debug:sfdb_breakpoints.obj
 0001:0002c840       sf_debug_bm_remove_all_breakpoints_in_machine 000000018002d840 f   sfc_debug:sfdb_breakpoints.obj
 0001:0002c8b0       sf_debug_bm_remove_all_breakpoints_in_chart 000000018002d8b0 f   sfc_debug:sfdb_breakpoints.obj
 0001:0002ca00       sf_debug_bm_initialize_global_breakpoints 000000018002da00 f   sfc_debug:sfdb_breakpoints.obj
 0001:0002cb80       sf_debug_bm_set_breakpoint 000000018002db80 f   sfc_debug:sfdb_breakpoints.obj
 0001:0002d180       sf_debug_bm_set_eml_breakpoint 000000018002e180 f   sfc_debug:sfdb_breakpoints.obj
 0001:0002d220       sf_debug_bm_initialize_machine_breakpoint_map 000000018002e220 f   sfc_debug:sfdb_breakpoints.obj
 0001:0002d640       sf_debug_bm_is_a_breakpoint 000000018002e640 f   sfc_debug:sfdb_breakpoints.obj
 0001:0002dc20       sf_debug_bm_get_all_breakpoints_in_machine 000000018002ec20 f   sfc_debug:sfdb_breakpoints.obj
 0001:0002df20       sf_debug_bm_get_all_breakpoints_in_chart 000000018002ef20 f   sfc_debug:sfdb_breakpoints.obj
 0001:0002ebe0       sf_debug_bm_initialize_machine 000000018002fbe0 f   sfc_debug:sfdb_breakpoints.obj
 0001:0002ecb0       sf_debug_bm_initialize_chart 000000018002fcb0 f   sfc_debug:sfdb_breakpoints.obj
 0001:0002f0d0       sf_debug_sc_terminate      00000001800300d0 f   sfc_debug:sfdb_state_consistency.obj
 0001:0002f400       sf_debug_sc_is_chart_consistent 0000000180030400 f   sfc_debug:sfdb_state_consistency.obj
 0001:0002f6b0       sf_debug_sc_get_consistency_error_info 00000001800306b0 f   sfc_debug:sfdb_state_consistency.obj
 0001:0002fb00       sf_debug_tm_terminate      0000000180030b00 f   sfc_debug:sfdb_call_stack.obj
 0001:0002fbc0       sf_debug_tm_push_chart_instance 0000000180030bc0 f   sfc_debug:sfdb_call_stack.obj
 0001:0002fd10       sf_debug_tm_pop_chart_instance 0000000180030d10 f   sfc_debug:sfdb_call_stack.obj
 0001:0002fd70       sf_debug_tm_push_trace_node 0000000180030d70 f   sfc_debug:sfdb_call_stack.obj
 0001:0002ff00       sf_debug_tm_pop_trace_node 0000000180030f00 f   sfc_debug:sfdb_call_stack.obj
 0001:0002ff80       sf_debug_tm_get_current_global_trace_index 0000000180030f80 f   sfc_debug:sfdb_call_stack.obj
 0001:0002ff90       sf_debug_tm_get_current_local_trace_index 0000000180030f90 f   sfc_debug:sfdb_call_stack.obj
 0001:0002ffc0       sf_debug_tm_set_cycle_detected_flag 0000000180030fc0 f   sfc_debug:sfdb_call_stack.obj
 0001:00030000       sf_debug_tm_set_cycle_started_flag 0000000180031000 f   sfc_debug:sfdb_call_stack.obj
 0001:00030040       sf_debug_tm_get_chart_number_from_stack 0000000180031040 f   sfc_debug:sfdb_call_stack.obj
 0001:00030240       sf_debug_tm_browse_trace   0000000180031240 f   sfc_debug:sfdb_call_stack.obj
 0001:00030580       sf_debug_cd_initialize_instance 0000000180031580 f   sfc_debug:sfdb_cycle_detection.obj
 0001:00030830       sf_debug_cd_mark_processed_transition_in_instance 0000000180031830 f   sfc_debug:sfdb_cycle_detection.obj
 0001:000308d0       sf_debug_cd_checksum_push  00000001800318d0 f   sfc_debug:sfdb_cycle_detection.obj
 0001:00030b90       sf_debug_cd_checksum_pop   0000000180031b90 f   sfc_debug:sfdb_cycle_detection.obj
 0001:00030c00       sf_debug_cd_turn_off_cycle_detection 0000000180031c00 f   sfc_debug:sfdb_cycle_detection.obj
 0001:00030c50       sf_debug_cd_terminate      0000000180031c50 f   sfc_debug:sfdb_cycle_detection.obj
 0001:00030e90       md5_initialize_state       0000000180031e90 f   sfc_debug:ckmd5.obj
 0001:00031900       md5_update_state           0000000180032900 f   sfc_debug:ckmd5.obj
 0001:00031920       md5_get_hash               0000000180032920 f   sfc_debug:ckmd5.obj
 0001:00031950       md5_get_hash_for_a_single_string 0000000180032950 f   sfc_debug:ckmd5.obj
 0001:000319b4       mxGetString_730            00000001800329b4 f   libmx:libmx.dll
 0001:000319ba       mxIsChar                   00000001800329ba f   libmx:libmx.dll
 0001:000319c0       mxCreateString             00000001800329c0 f   libmx:libmx.dll
 0001:000319c6       mxGetClassID               00000001800329c6 f   libmx:libmx.dll
 0001:000319cc       mxGetPr                    00000001800329cc f   libmx:libmx.dll
 0001:000319d2       mxCreateDoubleMatrix_730   00000001800329d2 f   libmx:libmx.dll
 0001:000319d8       mxIsNumeric                00000001800329d8 f   libmx:libmx.dll
 0001:000319de       mxIsComplex                00000001800329de f   libmx:libmx.dll
 0001:000319e4       mxGetN                     00000001800329e4 f   libmx:libmx.dll
 0001:000319ea       mxGetM                     00000001800329ea f   libmx:libmx.dll
 0001:000319f0       mxCalloc                   00000001800329f0 f   libmx:libmx.dll
 0001:000319f6       mxGetScalar                00000001800329f6 f   libmx:libmx.dll
 0001:000319fc       mxDestroyArray             00000001800329fc f   libmx:libmx.dll
 0001:00031a02       mxGetString_700            0000000180032a02 f   libmx:libmx.dll
 0001:00031a08       mxCreateDoubleScalar       0000000180032a08 f   libmx:libmx.dll
 0001:00031a0e       mxFree                     0000000180032a0e f   libmx:libmx.dll
 0001:00031a14       mxArrayToString            0000000180032a14 f   libmx:libmx.dll
 0001:00031a1a       mxGetNumberOfElements      0000000180032a1a f   libmx:libmx.dll
 0001:00031a20       mxDuplicateArray           0000000180032a20 f   libmx:libmx.dll
 0001:00031a26       mxGetField_700             0000000180032a26 f   libmx:libmx.dll
 0001:00031a2c       mxSetFieldByNumber_700     0000000180032a2c f   libmx:libmx.dll
 0001:00031a32       mxCreateStructArray_700    0000000180032a32 f   libmx:libmx.dll
 0001:00031a38       mxGetData                  0000000180032a38 f   libmx:libmx.dll
 0001:00031a3e       mxCreateNumericArray_700   0000000180032a3e f   libmx:libmx.dll
 0001:00031a44       mxIsLogical                0000000180032a44 f   libmx:libmx.dll
 0001:00031a4a       mxCreateDoubleMatrix_700   0000000180032a4a f   libmx:libmx.dll
 0001:00031a50       mxCreateCellMatrix_700     0000000180032a50 f   libmx:libmx.dll
 0001:00031a56       mxSetCell_700              0000000180032a56 f   libmx:libmx.dll
 0001:00031a5c       mxGetCell_700              0000000180032a5c f   libmx:libmx.dll
 0001:00031a62       mxGetClassName             0000000180032a62 f   libmx:libmx.dll
 0001:00031a68       mxSetField_700             0000000180032a68 f   libmx:libmx.dll
 0001:00031a6e       mxAddField                 0000000180032a6e f   libmx:libmx.dll
 0001:00031a74       mxIsStruct                 0000000180032a74 f   libmx:libmx.dll
 0001:00031a7a       mxIsA                      0000000180032a7a f   libmx:libmx.dll
 0001:00031a80       mxIsClass                  0000000180032a80 f   libmx:libmx.dll
 0001:00031a86       mxGetLogicals              0000000180032a86 f   libmx:libmx.dll
 0001:00031a8c       mxIsSparse                 0000000180032a8c f   libmx:libmx.dll
 0001:00031a92       mxGetFieldByNumber_700     0000000180032a92 f   libmx:libmx.dll
 0001:00031a98       mxGetFieldNameByNumber     0000000180032a98 f   libmx:libmx.dll
 0001:00031a9e       mxGetNumberOfFields        0000000180032a9e f   libmx:libmx.dll
 0001:00031aa4       mxCreateStructMatrix_700   0000000180032aa4 f   libmx:libmx.dll
 0001:00031aaa       mxGetFieldNumber           0000000180032aaa f   libmx:libmx.dll
 0001:00031ab0       mxIsNaN                    0000000180032ab0 f   libmx:libmx.dll
 0001:00031ab6       mxIsEmpty                  0000000180032ab6 f   libmx:libmx.dll
 0001:00031abc       mxGetImagData              0000000180032abc f   libmx:libmx.dll
 0001:00031ac2       mxArrayClassIDName         0000000180032ac2 f   libmx:libmx.dll
 0001:00031ac8       mxCreateNumericMatrix_700  0000000180032ac8 f   libmx:libmx.dll
 0001:00031ace       mxCalcSingleSubscript_700  0000000180032ace f   libmx:libmx.dll
 0001:00031ad4       mxGetDimensions_700        0000000180032ad4 f   libmx:libmx.dll
 0001:00031ada       mxGetNumberOfDimensions_700 0000000180032ada f   libmx:libmx.dll
 0001:00031ae0       mxGetElementSize           0000000180032ae0 f   libmx:libmx.dll
 0001:00031ae6       mxCreateStringFromNChars_700 0000000180032ae6 f   libmx:libmx.dll
 0001:00031aec       mxIsLogicalScalarTrue      0000000180032aec f   libmx:libmx.dll
 0001:00031af2       mxCreateLogicalScalar      0000000180032af2 f   libmx:libmx.dll
 0001:00031af8       mexUnlock                  0000000180032af8 f   libmex:libmex.dll
 0001:00031afe       mexIsLocked                0000000180032afe f   libmex:libmex.dll
 0001:00031b04       mexWarnMsgTxt              0000000180032b04 f   libmex:libmex.dll
 0001:00031b0a       mexCallMATLAB              0000000180032b0a f   libmex:libmex.dll
 0001:00031b10       mexErrMsgTxt               0000000180032b10 f   libmex:libmex.dll
 0001:00031b16       mexMakeArrayPersistent     0000000180032b16 f   libmex:libmex.dll
 0001:00031b1c       mexLock                    0000000180032b1c f   libmex:libmex.dll
 0001:00031b22       mexMakeMemoryPersistent    0000000180032b22 f   libmex:libmex.dll
 0001:00031b28       mexSetTrapFlag             0000000180032b28 f   libmex:libmex.dll
 0001:00031b2e       mexPutVariable             0000000180032b2e f   libmex:libmex.dll
 0001:00031b34       mexGetVariable             0000000180032b34 f   libmex:libmex.dll
 0001:00031b3a       mexFunctionName            0000000180032b3a f   libmex:libmex.dll
 0001:00031b40       ssRegisterDataTypeFxpFSlopeFixExpBias 0000000180032b40 f   libfixedpoint:libfixedpoint.dll
 0001:00031b46       utCPUtime                  0000000180032b46 f   libut:libut.dll
 0001:00031b4c       utVSNprintf                0000000180032b4c f   libut:libut.dll
 0001:00031b52       utFree                     0000000180032b52 f   libut:libut.dll
 0001:00031b58       utMalloc                   0000000180032b58 f   libut:libut.dll
 0001:00031b5e       emlrtCreateRootTLS         0000000180032b5e f   libemlrt:libemlrt.dll
 0001:00031b64       emlrtDestroyRootTLS        0000000180032b64 f   libemlrt:libemlrt.dll
 0001:00031b6a       emlrtCheckBuiltInR2012b    0000000180032b6a f   libemlrt:libemlrt.dll
 0001:00031b70       emlrtCheckVsBuiltInR2012b  0000000180032b70 f   libemlrt:libemlrt.dll
 0001:00031b76       emlrtCheckEnumR2012b       0000000180032b76 f   libemlrt:libemlrt.dll
 0001:00031b7c       emlrtCreateEnumR2012b      0000000180032b7c f   libemlrt:libemlrt.dll
 0001:00031b82       emlrtGetEnumElementR2009a  0000000180032b82 f   libemlrt:libemlrt.dll
 0001:00031b88       emlrtCreateReference       0000000180032b88 f   libemlrt:libemlrt.dll
 0001:00031b8e       emlrtImportVsFiArrayR2009b 0000000180032b8e f   libemlrt:libemlrt.dll
 0001:00031b94       emlrtNameCapturePostProcessR2012a 0000000180032b94 f   libemlrt:libemlrt.dll
 0001:00031b9a       emlrtExtractMessageId      0000000180032b9a f   libemlrt:libemlrt.dll
 0001:00031ba0       emlrtTranslateMessageIDtoLCPstring 0000000180032ba0 f   libemlrt:libemlrt.dll
 0001:00031ba6       emlrtForLoopVectorIsValidR2011b 0000000180032ba6 f   libemlrt:libemlrt.dll
 0001:00031bac       emlrtTranslateUTF16MessagetoLCPstring 0000000180032bac f   libemlrt:libemlrt.dll
 0001:00031bb2       emlrtGetEnumUnderlyingArrayR2009a 0000000180032bb2 f   libemlrt:libemlrt.dll
 0001:00031bb8       emlrtIsEnumR2009a          0000000180032bb8 f   libemlrt:libemlrt.dll
 0001:00031bc0       Lib_NM_JacobianCalc_TMATS_initializer 0000000180032bc0 f   Lib_NM_JacobianCalc_TMATS_sfun:Lib_NM_JacobianCalc_TMATS_sfun.obj
 0001:00031bd0       Lib_NM_JacobianCalc_TMATS_terminator 0000000180032bd0 f   Lib_NM_JacobianCalc_TMATS_sfun:Lib_NM_JacobianCalc_TMATS_sfun.obj
 0001:00031be0       sf_Lib_NM_JacobianCalc_TMATS_method_dispatcher 0000000180032be0 f   Lib_NM_JacobianCalc_TMATS_sfun:Lib_NM_JacobianCalc_TMATS_sfun.obj
 0001:00031c30       sf_Lib_NM_JacobianCalc_TMATS_process_check_sum_call 0000000180032c30 f   Lib_NM_JacobianCalc_TMATS_sfun:Lib_NM_JacobianCalc_TMATS_sfun.obj
 0001:00031f00       sf_Lib_NM_JacobianCalc_TMATS_autoinheritance_info 0000000180032f00 f   Lib_NM_JacobianCalc_TMATS_sfun:Lib_NM_JacobianCalc_TMATS_sfun.obj
 0001:00032070       sf_Lib_NM_JacobianCalc_TMATS_get_eml_resolved_functions_info 0000000180033070 f   Lib_NM_JacobianCalc_TMATS_sfun:Lib_NM_JacobianCalc_TMATS_sfun.obj
 0001:000321a0       Lib_NM_JacobianCalc_TMATS_debug_initialize 00000001800331a0 f   Lib_NM_JacobianCalc_TMATS_sfun:Lib_NM_JacobianCalc_TMATS_sfun.obj
 0001:00032210       Lib_NM_JacobianCalc_TMATS_register_exported_symbols 0000000180033210 f   Lib_NM_JacobianCalc_TMATS_sfun:Lib_NM_JacobianCalc_TMATS_sfun.obj
 0001:00032220       load_Lib_NM_JacobianCalc_TMATS_optimization_info 0000000180033220 f   Lib_NM_JacobianCalc_TMATS_sfun:Lib_NM_JacobianCalc_TMATS_sfun.obj
 0001:00032270       unload_Lib_NM_JacobianCalc_TMATS_optimization_info 0000000180033270 f   Lib_NM_JacobianCalc_TMATS_sfun:Lib_NM_JacobianCalc_TMATS_sfun.obj
 0001:000322a0       sf_c1_Lib_NM_JacobianCalc_TMATS_get_eml_resolved_functions_info 00000001800332a0 f   Lib_NM_JacobianCalc_TMATS_sfun:c1_Lib_NM_JacobianCalc_TMATS.obj
 0001:0003a2e0       sf_c1_Lib_NM_JacobianCalc_TMATS_get_check_sum 000000018003b2e0 f   Lib_NM_JacobianCalc_TMATS_sfun:c1_Lib_NM_JacobianCalc_TMATS.obj
 0001:0003a360       sf_c1_Lib_NM_JacobianCalc_TMATS_get_autoinheritance_info 000000018003b360 f   Lib_NM_JacobianCalc_TMATS_sfun:c1_Lib_NM_JacobianCalc_TMATS.obj
 0001:0003b1c0       sf_internal_get_sim_state_c1_Lib_NM_JacobianCalc_TMATS 000000018003c1c0 f   Lib_NM_JacobianCalc_TMATS_sfun:c1_Lib_NM_JacobianCalc_TMATS.obj
 0001:0003b870       sf_internal_set_sim_state_c1_Lib_NM_JacobianCalc_TMATS 000000018003c870 f   Lib_NM_JacobianCalc_TMATS_sfun:c1_Lib_NM_JacobianCalc_TMATS.obj
 0001:0003c250       c1_Lib_NM_JacobianCalc_TMATS_method_dispatcher 000000018003d250 f   Lib_NM_JacobianCalc_TMATS_sfun:c1_Lib_NM_JacobianCalc_TMATS.obj
 0001:0004e99a       drotg32                    000000018004f99a f   libmwblascompat32:libmwblascompat32.dll
 0001:0004e9a0       dtrsm32                    000000018004f9a0 f   libmwblascompat32:libmwblascompat32.dll
 0001:0004e9a8       __GSHandlerCheckCommon     000000018004f9a8 f   MSVCRT:gshandler.obj
 0001:0004ea0c       __GSHandlerCheck           000000018004fa0c f   MSVCRT:gshandler.obj
 0001:0004ea2a       strcmp                     000000018004fa2a f   MSVCRT:MSVCR100.dll
 0001:0004ea40       __security_check_cookie    000000018004fa40 f   MSVCRT:amdsecgs.obj
 0001:0004ea60       free                       000000018004fa60 f   MSVCRT:MSVCR100.dll
 0001:0004ea66       sprintf                    000000018004fa66 f   MSVCRT:MSVCR100.dll
 0001:0004ea6c       malloc                     000000018004fa6c f   MSVCRT:MSVCR100.dll
 0001:0004ea72       strlen                     000000018004fa72 f   MSVCRT:MSVCR100.dll
 0001:0004ea78       strcat                     000000018004fa78 f   MSVCRT:MSVCR100.dll
 0001:0004ea7e       memcpy                     000000018004fa7e f   MSVCRT:MSVCR100.dll
 0001:0004ea84       NtCurrentTeb               000000018004fa84 f i MSVCRT:crtdll.obj
 0001:0004eaf0       _CRT_INIT                  000000018004faf0 f   MSVCRT:crtdll.obj
 0001:0004ee88       _DllMainCRTStartup         000000018004fe88 f   MSVCRT:crtdll.obj
 0001:0004eec6       _setjmp                    000000018004fec6 f   MSVCRT:MSVCR100.dll
 0001:0004eecc       strncpy                    000000018004fecc f   MSVCRT:MSVCR100.dll
 0001:0004eef0       _alloca_probe              000000018004fef0     MSVCRT:chkstk.obj
 0001:0004eef0       __chkstk                   000000018004fef0 f   MSVCRT:chkstk.obj
 0001:0004ef3e       longjmp                    000000018004ff3e f   MSVCRT:MSVCR100.dll
 0001:0004ef44       strncmp                    000000018004ff44 f   MSVCRT:MSVCR100.dll
 0001:0004ef4a       ceil                       000000018004ff4a f   MSVCRT:MSVCR100.dll
 0001:0004ef50       strrchr                    000000018004ff50 f   MSVCRT:MSVCR100.dll
 0001:0004ef56       memset                     000000018004ff56 f   MSVCRT:MSVCR100.dll
 0001:0004ef5c       calloc                     000000018004ff5c f   MSVCRT:MSVCR100.dll
 0001:0004ef62       realloc                    000000018004ff62 f   MSVCRT:MSVCR100.dll
 0001:0004ef68       ldexp                      000000018004ff68 f   MSVCRT:MSVCR100.dll
 0001:0004ef6e       frexp                      000000018004ff6e f   MSVCRT:MSVCR100.dll
 0001:0004ef74       __report_gsfailure         000000018004ff74 f   MSVCRT:gs_report.obj
 0001:0004f0c0       __clean_type_info_names    00000001800500c0 f   MSVCRT:tncleanup.obj
 0001:0004f0cc       _onexit                    00000001800500cc f   MSVCRT:atonexit.obj
 0001:0004f17c       atexit                     000000018005017c f   MSVCRT:atonexit.obj
 0001:0004f194       _RTC_Initialize            0000000180050194 f   MSVCRT:_initsect_.obj
 0001:0004f1cc       _RTC_Terminate             00000001800501cc f   MSVCRT:_initsect_.obj
 0001:0004f204       _malloc_crt                0000000180050204 f   MSVCRT:MSVCR100.dll
 0001:0004f210       _ValidateImageBase         0000000180050210 f   MSVCRT:pesect.obj
 0001:0004f240       _FindPESection             0000000180050240 f   MSVCRT:pesect.obj
 0001:0004f290       _IsNonwritableInCurrentImage 0000000180050290 f   MSVCRT:pesect.obj
 0001:0004f2d2       _initterm                  00000001800502d2 f   MSVCRT:MSVCR100.dll
 0001:0004f2d8       _initterm_e                00000001800502d8 f   MSVCRT:MSVCR100.dll
 0001:0004f2de       _encoded_null              00000001800502de f   MSVCRT:MSVCR100.dll
 0001:0004f2e4       _amsg_exit                 00000001800502e4 f   MSVCRT:MSVCR100.dll
 0001:0004f2ea       __C_specific_handler       00000001800502ea f   MSVCRT:MSVCR100.dll
 0001:0004f2f0       __CppXcptFilter            00000001800502f0 f   MSVCRT:MSVCR100.dll
 0001:0004f2f8       DllMain                    00000001800502f8 f   MSVCRT:dllmain.obj
 0001:0004f31c       __security_init_cookie     000000018005031c f   MSVCRT:gs_support.obj
 0001:0004f3d0       __crt_debugger_hook        00000001800503d0 f   MSVCRT:MSVCR100.dll
 0001:0004f3d6       __clean_type_info_names_internal 00000001800503d6 f   MSVCRT:MSVCR100.dll
 0001:0004f3dc       _unlock                    00000001800503dc f   MSVCRT:MSVCR100.dll
 0001:0004f3e2       __dllonexit                00000001800503e2 f   MSVCRT:MSVCR100.dll
 0001:0004f3e8       _lock                      00000001800503e8 f   MSVCRT:MSVCR100.dll
 0001:0004f3ee       EncodePointer              00000001800503ee f   kernel32:KERNEL32.dll
 0001:0004f3f4       DecodePointer              00000001800503f4 f   kernel32:KERNEL32.dll
 0001:0004f3fa       Sleep                      00000001800503fa f   kernel32:KERNEL32.dll
 0001:0004f400       TerminateProcess           0000000180050400 f   kernel32:KERNEL32.dll
 0001:0004f406       GetCurrentProcess          0000000180050406 f   kernel32:KERNEL32.dll
 0001:0004f40c       UnhandledExceptionFilter   000000018005040c f   kernel32:KERNEL32.dll
 0001:0004f412       SetUnhandledExceptionFilter 0000000180050412 f   kernel32:KERNEL32.dll
 0001:0004f418       IsDebuggerPresent          0000000180050418 f   kernel32:KERNEL32.dll
 0001:0004f41e       RtlVirtualUnwind           000000018005041e f   kernel32:KERNEL32.dll
 0001:0004f424       RtlLookupFunctionEntry     0000000180050424 f   kernel32:KERNEL32.dll
 0001:0004f42a       RtlCaptureContext          000000018005042a f   kernel32:KERNEL32.dll
 0001:0004f430       DisableThreadLibraryCalls  0000000180050430 f   kernel32:KERNEL32.dll
 0001:0004f436       QueryPerformanceCounter    0000000180050436 f   kernel32:KERNEL32.dll
 0001:0004f43c       GetTickCount               000000018005043c f   kernel32:KERNEL32.dll
 0001:0004f442       GetCurrentThreadId         0000000180050442 f   kernel32:KERNEL32.dll
 0001:0004f448       GetCurrentProcessId        0000000180050448 f   kernel32:KERNEL32.dll
 0001:0004f44e       GetSystemTimeAsFileTime    000000018005044e f   kernel32:KERNEL32.dll
 0001:0004f454       mxSetField_730             0000000180050454 f   libmx:libmx.dll
 0001:0004f45a       mxCreateStructMatrix_730   000000018005045a f   libmx:libmx.dll
 0001:0004f460       mxGetNaN                   0000000180050460 f   libmx:libmx.dll
 0001:0004f466       muDoubleScalarIsNaN        0000000180050466 f   libmwmathutil:libmwmathutil.dll
 0001:0004f46c       muDoubleScalarAbs          000000018005046c f   libmwmathutil:libmwmathutil.dll
 0001:0004f472       muDoubleScalarIsInf        0000000180050472 f   libmwmathutil:libmwmathutil.dll
 0001:0004f478       muDoubleScalarMax          0000000180050478 f   libmwmathutil:libmwmathutil.dll
 0001:0004f47e       muDoubleScalarSqrt         000000018005047e f   libmwmathutil:libmwmathutil.dll
 0002:00000000       __imp_DisableThreadLibraryCalls 0000000180051000     kernel32:KERNEL32.dll
 0002:00000008       __imp_DecodePointer        0000000180051008     kernel32:KERNEL32.dll
 0002:00000010       __imp_Sleep                0000000180051010     kernel32:KERNEL32.dll
 0002:00000018       __imp_TerminateProcess     0000000180051018     kernel32:KERNEL32.dll
 0002:00000020       __imp_GetCurrentProcess    0000000180051020     kernel32:KERNEL32.dll
 0002:00000028       __imp_UnhandledExceptionFilter 0000000180051028     kernel32:KERNEL32.dll
 0002:00000030       __imp_GetSystemTimeAsFileTime 0000000180051030     kernel32:KERNEL32.dll
 0002:00000038       __imp_GetCurrentProcessId  0000000180051038     kernel32:KERNEL32.dll
 0002:00000040       __imp_GetCurrentThreadId   0000000180051040     kernel32:KERNEL32.dll
 0002:00000048       __imp_GetTickCount         0000000180051048     kernel32:KERNEL32.dll
 0002:00000050       __imp_QueryPerformanceCounter 0000000180051050     kernel32:KERNEL32.dll
 0002:00000058       __imp_EncodePointer        0000000180051058     kernel32:KERNEL32.dll
 0002:00000060       __imp_RtlCaptureContext    0000000180051060     kernel32:KERNEL32.dll
 0002:00000068       __imp_RtlLookupFunctionEntry 0000000180051068     kernel32:KERNEL32.dll
 0002:00000070       __imp_RtlVirtualUnwind     0000000180051070     kernel32:KERNEL32.dll
 0002:00000078       __imp_IsDebuggerPresent    0000000180051078     kernel32:KERNEL32.dll
 0002:00000080       __imp_SetUnhandledExceptionFilter 0000000180051080     kernel32:KERNEL32.dll
 0002:00000088       \177KERNEL32_NULL_THUNK_DATA 0000000180051088     kernel32:KERNEL32.dll
 0002:00000090       __imp_strlen               0000000180051090     MSVCRT:MSVCR100.dll
 0002:00000098       __imp_malloc               0000000180051098     MSVCRT:MSVCR100.dll
 0002:000000a0       __imp_sprintf              00000001800510a0     MSVCRT:MSVCR100.dll
 0002:000000a8       __imp_free                 00000001800510a8     MSVCRT:MSVCR100.dll
 0002:000000b0       __imp_strncmp              00000001800510b0     MSVCRT:MSVCR100.dll
 0002:000000b8       __imp_strcat               00000001800510b8     MSVCRT:MSVCR100.dll
 0002:000000c0       __imp__onexit              00000001800510c0     MSVCRT:MSVCR100.dll
 0002:000000c8       __imp__lock                00000001800510c8     MSVCRT:MSVCR100.dll
 0002:000000d0       __imp___dllonexit          00000001800510d0     MSVCRT:MSVCR100.dll
 0002:000000d8       __imp__unlock              00000001800510d8     MSVCRT:MSVCR100.dll
 0002:000000e0       __imp___clean_type_info_names_internal 00000001800510e0     MSVCRT:MSVCR100.dll
 0002:000000e8       __imp___crt_debugger_hook  00000001800510e8     MSVCRT:MSVCR100.dll
 0002:000000f0       __imp___CppXcptFilter      00000001800510f0     MSVCRT:MSVCR100.dll
 0002:000000f8       __imp___C_specific_handler 00000001800510f8     MSVCRT:MSVCR100.dll
 0002:00000100       __imp__amsg_exit           0000000180051100     MSVCRT:MSVCR100.dll
 0002:00000108       __imp__encoded_null        0000000180051108     MSVCRT:MSVCR100.dll
 0002:00000110       __imp__initterm_e          0000000180051110     MSVCRT:MSVCR100.dll
 0002:00000118       __imp__initterm            0000000180051118     MSVCRT:MSVCR100.dll
 0002:00000120       __imp__malloc_crt          0000000180051120     MSVCRT:MSVCR100.dll
 0002:00000128       __imp_frexp                0000000180051128     MSVCRT:MSVCR100.dll
 0002:00000130       __imp_ldexp                0000000180051130     MSVCRT:MSVCR100.dll
 0002:00000138       __imp_realloc              0000000180051138     MSVCRT:MSVCR100.dll
 0002:00000140       __imp_calloc               0000000180051140     MSVCRT:MSVCR100.dll
 0002:00000148       __imp_memset               0000000180051148     MSVCRT:MSVCR100.dll
 0002:00000150       __imp_strrchr              0000000180051150     MSVCRT:MSVCR100.dll
 0002:00000158       __imp_ceil                 0000000180051158     MSVCRT:MSVCR100.dll
 0002:00000160       __imp_memcpy               0000000180051160     MSVCRT:MSVCR100.dll
 0002:00000168       __imp_longjmp              0000000180051168     MSVCRT:MSVCR100.dll
 0002:00000170       __imp_strncpy              0000000180051170     MSVCRT:MSVCR100.dll
 0002:00000178       __imp__setjmp              0000000180051178     MSVCRT:MSVCR100.dll
 0002:00000180       __imp_strcmp               0000000180051180     MSVCRT:MSVCR100.dll
 0002:00000188       \177MSVCR100_NULL_THUNK_DATA 0000000180051188     MSVCRT:MSVCR100.dll
 0002:00000190       __imp_emlrtExtractMessageId 0000000180051190     libemlrt:libemlrt.dll
 0002:00000198       __imp_emlrtTranslateMessageIDtoLCPstring 0000000180051198     libemlrt:libemlrt.dll
 0002:000001a0       __imp_emlrtForLoopVectorIsValidR2011b 00000001800511a0     libemlrt:libemlrt.dll
 0002:000001a8       __imp_emlrtTranslateUTF16MessagetoLCPstring 00000001800511a8     libemlrt:libemlrt.dll
 0002:000001b0       __imp_emlrtGetEnumUnderlyingArrayR2009a 00000001800511b0     libemlrt:libemlrt.dll
 0002:000001b8       __imp_emlrtNameCapturePostProcessR2012a 00000001800511b8     libemlrt:libemlrt.dll
 0002:000001c0       __imp_emlrtImportVsFiArrayR2009b 00000001800511c0     libemlrt:libemlrt.dll
 0002:000001c8       __imp_emlrtCreateReference 00000001800511c8     libemlrt:libemlrt.dll
 0002:000001d0       __imp_emlrtGetEnumElementR2009a 00000001800511d0     libemlrt:libemlrt.dll
 0002:000001d8       __imp_emlrtCreateEnumR2012b 00000001800511d8     libemlrt:libemlrt.dll
 0002:000001e0       __imp_emlrtCheckEnumR2012b 00000001800511e0     libemlrt:libemlrt.dll
 0002:000001e8       __imp_emlrtCheckVsBuiltInR2012b 00000001800511e8     libemlrt:libemlrt.dll
 0002:000001f0       __imp_emlrtDestroyRootTLS  00000001800511f0     libemlrt:libemlrt.dll
 0002:000001f8       __imp_emlrtCreateRootTLS   00000001800511f8     libemlrt:libemlrt.dll
 0002:00000200       __imp_emlrtCheckBuiltInR2012b 0000000180051200     libemlrt:libemlrt.dll
 0002:00000208       __imp_emlrtIsEnumR2009a    0000000180051208     libemlrt:libemlrt.dll
[...]
 0001:0001e090       sfc_api_get_current_chart_number 000000018001f090 f   sfc_debug:sfc_api.obj
 0001:0001e0c0       sfc_api_get_current_instance_number 000000018001f0c0 f   sfc_debug:sfc_api.obj
 0001:0001e0f0       sfc_api_get_current_instance_handle 000000018001f0f0 f   sfc_debug:sfc_api.obj
 0001:0001e110       sfc_api_get_current_is_minor_time_step 000000018001f110 f   sfc_debug:sfc_api.obj
 0001:0001e140       sfc_api_get_current_machine_name 000000018001f140 f   sfc_debug:sfc_api.obj
 0001:0001e160       sfc_api_get_current_chart_id 000000018001f160 f   sfc_debug:sfc_api.obj
 0001:0001e190       sfc_api_get_current_object_type 000000018001f190 f   sfc_debug:sfc_api.obj
 0001:0001e1c0       sfc_api_get_current_event_type 000000018001f1c0 f   sfc_debug:sfc_api.obj
 0001:0001e1f0       sfc_api_get_current_object_id 000000018001f1f0 f   sfc_debug:sfc_api.obj
 0001:0001e220       sfc_get_current_active_event_type 000000018001f220 f   sfc_debug:sfc_api.obj
 0001:0001e250       sfc_api_get_current_active_event_id 000000018001f250 f   sfc_debug:sfc_api.obj
 0001:0001e280       sfc_api_get_current_simulation_time 000000018001f280 f   sfc_debug:sfc_api.obj
 0001:0001e2a0       sfc_get_current_tag_type   000000018001f2a0 f   sfc_debug:sfc_api.obj
 0001:0001e2d0       sfc_get_current_coverage_percentage 000000018001f2d0 f   sfc_debug:sfc_api.obj
 0001:0001e2f0       sfc_get_current_statement_context 000000018001f2f0 f   sfc_debug:sfc_api.obj
 0001:0001e310       sfc_get_current_optional_integer 000000018001f310 f   sfc_debug:sfc_api.obj
 0001:0001e340       sfc_get_current_statement_info 000000018001f340 f   sfc_debug:sfc_api.obj
 0001:0001e3e0       sfc_api_get                000000018001f3e0 f   sfc_debug:sfc_api.obj
 0001:0001f050       sf_debug_sm_fill_state_activity_data 0000000180020050 f   sfc_debug:sfdb_animation.obj
 0001:00021950       void_ptr_stack_vector_free_total 0000000180022950 f   sfc_debug:sfdb_data_browse.obj
 0001:000219e0       sf_debug_st_terminate_machine 00000001800229e0 f   sfc_debug:sfdb_data_browse.obj
 0001:00021a20       sf_debug_st_terminate_instance 0000000180022a20 f   sfc_debug:sfdb_data_browse.obj
 0001:00021dd0       push_on_to_void_ptr_stack  0000000180022dd0 f   sfc_debug:sfdb_data_browse.obj
 0001:00021f60       pop_from_void_ptr_stack    0000000180022f60 f   sfc_debug:sfdb_data_browse.obj
 0001:00022090       sf_debug_st_get_data_value 0000000180023090 f   sfc_debug:sfdb_data_browse.obj
 0001:00022620       mx_value                   0000000180023620 f   sfc_debug:sfdb_data_browse.obj
 0001:00022660       sf_debug_st_fill_data_struct 0000000180023660 f   sfc_debug:sfdb_data_browse.obj
 0001:000229a0       data_type_format_strings   00000001800239a0 f   sfc_debug:sfdb_data_browse.obj
 0001:00022a50       sf_debug_st_fill_data      0000000180023a50 f   sfc_debug:sfdb_data_browse.obj
 0001:000237a0       sf_debug_hm_get_simulink_handle 00000001800247a0 f   sfc_debug:sfdb_handle_management.obj
 0001:000242a0       sf_debug_hm_initialize_globals 00000001800252a0 f   sfc_debug:sfdb_handle_management.obj
 0001:000243a0       sf_debug_hm_get_machine_debug_flag 00000001800253a0 f   sfc_debug:sfdb_handle_management.obj
 0001:00024510       sf_debug_hm_get_machine_id 0000000180025510 f   sfc_debug:sfdb_handle_management.obj
 0001:00024630       sf_debug_hm_get_chart_id   0000000180025630 f   sfc_debug:sfdb_handle_management.obj
 0001:000247d0       sf_debug_hm_register_executing_SFunction 00000001800257d0 f   sfc_debug:sfdb_handle_management.obj
 0001:00024b60       sf_debug_hm_form_object_boolean_properties 0000000180025b60 f   sfc_debug:sfdb_handle_management.obj
 0001:00024e30       sf_debug_hm_form_object_properties 0000000180025e30 f   sfc_debug:sfdb_handle_management.obj
 0001:00025070       sf_debug_hm_terminate_charts 0000000180026070 f   sfc_debug:sfdb_handle_management.obj
 0001:000257d0       sf_debug_hm_terminate_machines 00000001800267d0 f   sfc_debug:sfdb_handle_management.obj
 0001:000273d0       sf_debug_ss_copy_dimension 00000001800283d0 f   sfc_debug:sfdb_symbol_scope.obj
 0001:00027490       sf_debug_ss_get_number_elements 0000000180028490 f   sfc_debug:sfdb_symbol_scope.obj
 0001:000274b0       sf_debug_ss_fill_data_struct 00000001800284b0 f   sfc_debug:sfdb_symbol_scope.obj
 0001:00027800       sf_debug_ss_reset_data_info 0000000180028800 f   sfc_debug:sfdb_symbol_scope.obj
 0001:00027860       sf_debug_fill_data_info_by_symbol_scope_entry 0000000180028860 f   sfc_debug:sfdb_symbol_scope.obj
 0001:00027920       sf_debug_fill_data_info_by_data_vector 0000000180028920 f   sfc_debug:sfdb_symbol_scope.obj
 0001:00027b70       get_data_info_helper       0000000180028b70 f   sfc_debug:sfdb_symbol_scope.obj
 0001:00027c70       sf_debug_ss_get_data_info  0000000180028c70 f   sfc_debug:sfdb_symbol_scope.obj
 0001:00027ea0       sf_debug_select_mex_function 0000000180028ea0 f   sfc_debug:sfdb_symbol_scope.obj
 0001:00027ed0       sf_debug_is_dyn_matrix_initialized 0000000180028ed0 f   sfc_debug:sfdb_symbol_scope.obj
 0001:00027ef0       sf_debug_ss_set_data_value_try 0000000180028ef0 f   sfc_debug:sfdb_symbol_scope.obj
 0001:000280c0       sf_debug_ss_get_data_value 00000001800290c0 f   sfc_debug:sfdb_symbol_scope.obj
 0001:00028830       sf_debug_ss_data_bytes_string 0000000180029830 f   sfc_debug:sfdb_symbol_scope.obj
 0001:000288e0       sf_debug_ss_data_class_string 00000001800298e0 f   sfc_debug:sfdb_symbol_scope.obj
 0001:00028c70       sf_debug_ss_data_size_string 0000000180029c70 f   sfc_debug:sfdb_symbol_scope.obj
 0001:00028d50       sf_debug_ss_data_create_data_info_struct 0000000180029d50 f   sfc_debug:sfdb_symbol_scope.obj
 0001:00029020       sf_debug_ss_data_create_name_value_pair 000000018002a020 f   sfc_debug:sfdb_symbol_scope.obj
 0001:000290c0       sf_debug_ss_data_get_whos_info 000000018002a0c0 f   sfc_debug:sfdb_symbol_scope.obj
 0001:000290d0       same_named_data_in_data_array 000000018002a0d0 f   sfc_debug:sfdb_symbol_scope.obj
 0001:0002a960       sf_debug_cc_terminate_chart 000000018002b960 f   sfc_debug:sfdb_coverage.obj
 0001:0002ad00       sf_debug_cc_terminate_instance 000000018002bd00 f   sfc_debug:sfdb_coverage.obj
 0001:0002b8f0       sf_debug_cc_mark_object_if_needed 000000018002c8f0 f   sfc_debug:sfdb_coverage.obj
 0001:0002c1f0       sf_debug_bm_initialize_eml 000000018002d1f0 f   sfc_debug:sfdb_breakpoints.obj
 0001:0002d330       sf_debug_bm_map_debug_tag_to_breakpoint_tag 000000018002e330 f   sfc_debug:sfdb_breakpoints.obj
 0001:0002d410       sf_debug_bm_is_a_eml_breakpoint_impl 000000018002e410 f   sfc_debug:sfdb_breakpoints.obj
 0001:0002ef50       sf_debug_sc_push_on_error_stack 000000018002ff50 f   sfc_debug:sfdb_state_consistency.obj
 0001:0002f080       sf_debug_sc_reset_error_stack 0000000180030080 f   sfc_debug:sfdb_state_consistency.obj
 0001:0002f210       sf_debug_sc_is_state_inconsistent 0000000180030210 f   sfc_debug:sfdb_state_consistency.obj
 0001:0002f510       sf_debug_sc_fill_consistency_info 0000000180030510 f   sfc_debug:sfdb_state_consistency.obj
 0001:0002faf0       void_assertion_fcn         0000000180030af0 f   sfc_debug:sfdb_call_stack.obj
 0001:00030070       sf_debug_tm_fill_local_trace 0000000180031070 f   sfc_debug:sfdb_call_stack.obj
 0001:00030640       sf_debug_cd_terminate_instance 0000000180031640 f   sfc_debug:sfdb_cycle_detection.obj
 0001:000306a0       sf_debug_cd_free_checksum_stack 00000001800316a0 f   sfc_debug:sfdb_cycle_detection.obj
 0001:000306f0       sf_debug_cd_reset_pack_strings 00000001800316f0 f   sfc_debug:sfdb_cycle_detection.obj
 0001:00030db0       md5file_clear              0000000180031db0 f   sfc_debug:ckmd5.obj
 0001:00030de0       Encode                     0000000180031de0 f   sfc_debug:ckmd5.obj
 0001:00030e30       Decode                     0000000180031e30 f   sfc_debug:ckmd5.obj
 0001:00030ed0       MD5Transform               0000000180031ed0 f   sfc_debug:ckmd5.obj
 0001:00031720       md5file_addn               0000000180032720 f   sfc_debug:ckmd5.obj
 0001:000317f0       md5file_hash               00000001800327f0 f   sfc_debug:ckmd5.obj
 0001:00032710       c1_info_helper             0000000180033710 f   Lib_NM_JacobianCalc_TMATS_sfun:c1_Lib_NM_JacobianCalc_TMATS.obj
 0001:000348e0       c1_b_info_helper           00000001800358e0 f   Lib_NM_JacobianCalc_TMATS_sfun:c1_Lib_NM_JacobianCalc_TMATS.obj
 0001:00036af0       c1_c_info_helper           0000000180037af0 f   Lib_NM_JacobianCalc_TMATS_sfun:c1_Lib_NM_JacobianCalc_TMATS.obj
 0001:00038d00       c1_d_info_helper           0000000180039d00 f   Lib_NM_JacobianCalc_TMATS_sfun:c1_Lib_NM_JacobianCalc_TMATS.obj
 0001:0003b2b0       get_sim_state_c1_Lib_NM_JacobianCalc_TMATS 000000018003c2b0 f   Lib_NM_JacobianCalc_TMATS_sfun:c1_Lib_NM_JacobianCalc_TMATS.obj
 0001:0003b7b0       sf_get_sim_state_info_c1_Lib_NM_JacobianCalc_TMATS 000000018003c7b0 f   Lib_NM_JacobianCalc_TMATS_sfun:c1_Lib_NM_JacobianCalc_TMATS.obj
 0001:0003b990       set_sim_state_c1_Lib_NM_JacobianCalc_TMATS 000000018003c990 f   Lib_NM_JacobianCalc_TMATS_sfun:c1_Lib_NM_JacobianCalc_TMATS.obj
 0001:0003bcf0       c1_update_debugger_state_c1_Lib_NM_JacobianCalc_TMATS 000000018003ccf0 f   Lib_NM_JacobianCalc_TMATS_sfun:c1_Lib_NM_JacobianCalc_TMATS.obj
 0001:0003bd00       c1_emlrt_marshallIn        000000018003cd00 f   Lib_NM_JacobianCalc_TMATS_sfun:c1_Lib_NM_JacobianCalc_TMATS.obj
 0001:0003bd70       c1_b_emlrt_marshallIn      000000018003cd70 f   Lib_NM_JacobianCalc_TMATS_sfun:c1_Lib_NM_JacobianCalc_TMATS.obj
 0001:0003be80       c1_c_emlrt_marshallIn      000000018003ce80 f   Lib_NM_JacobianCalc_TMATS_sfun:c1_Lib_NM_JacobianCalc_TMATS.obj
 0001:0003bef0       c1_d_emlrt_marshallIn      000000018003cef0 f   Lib_NM_JacobianCalc_TMATS_sfun:c1_Lib_NM_JacobianCalc_TMATS.obj
 0001:0003bff0       c1_e_emlrt_marshallIn      000000018003cff0 f   Lib_NM_JacobianCalc_TMATS_sfun:c1_Lib_NM_JacobianCalc_TMATS.obj
 0001:0003c060       c1_f_emlrt_marshallIn      000000018003d060 f   Lib_NM_JacobianCalc_TMATS_sfun:c1_Lib_NM_JacobianCalc_TMATS.obj
 0001:0003c160       c1_k_emlrt_marshallIn      000000018003d160 f   Lib_NM_JacobianCalc_TMATS_sfun:c1_Lib_NM_JacobianCalc_TMATS.obj
 0001:0003c1c0       c1_l_emlrt_marshallIn      000000018003d1c0 f   Lib_NM_JacobianCalc_TMATS_sfun:c1_Lib_NM_JacobianCalc_TMATS.obj
 0001:0003c2c0       mdlProcessParameters_c1_Lib_NM_JacobianCalc_TMATS 000000018003d2c0 f   Lib_NM_JacobianCalc_TMATS_sfun:c1_Lib_NM_JacobianCalc_TMATS.obj
 0001:0003c380       initialize_params_c1_Lib_NM_JacobianCalc_TMATS 000000018003d380 f   Lib_NM_JacobianCalc_TMATS_sfun:c1_Lib_NM_JacobianCalc_TMATS.obj
 0001:0003c390       mdlSetWorkWidths_c1_Lib_NM_JacobianCalc_TMATS 000000018003d390 f   Lib_NM_JacobianCalc_TMATS_sfun:c1_Lib_NM_JacobianCalc_TMATS.obj
 0001:0003c8a0       sf_get_instance_specialization 000000018003d8a0 f   Lib_NM_JacobianCalc_TMATS_sfun:c1_Lib_NM_JacobianCalc_TMATS.obj
 0001:0003c8b0       mdlStart_c1_Lib_NM_JacobianCalc_TMATS 000000018003d8b0 f   Lib_NM_JacobianCalc_TMATS_sfun:c1_Lib_NM_JacobianCalc_TMATS.obj
 0001:0003cab0       init_dsm_address_info      000000018003dab0 f   Lib_NM_JacobianCalc_TMATS_sfun:c1_Lib_NM_JacobianCalc_TMATS.obj
 0001:0003cac0       chart_debug_initialization 000000018003dac0 f   Lib_NM_JacobianCalc_TMATS_sfun:c1_Lib_NM_JacobianCalc_TMATS.obj
 0001:0003e120       init_script_number_translation 000000018003f120 f   Lib_NM_JacobianCalc_TMATS_sfun:c1_Lib_NM_JacobianCalc_TMATS.obj
 0001:0003e130       c1_sf_marshallOut          000000018003f130 f   Lib_NM_JacobianCalc_TMATS_sfun:c1_Lib_NM_JacobianCalc_TMATS.obj
 0001:0003e350       c1_sf_marshallIn           000000018003f350 f   Lib_NM_JacobianCalc_TMATS_sfun:c1_Lib_NM_JacobianCalc_TMATS.obj
 0001:0003e4a0       c1_b_sf_marshallOut        000000018003f4a0 f   Lib_NM_JacobianCalc_TMATS_sfun:c1_Lib_NM_JacobianCalc_TMATS.obj
 0001:0003e6e0       c1_b_sf_marshallIn         000000018003f6e0 f   Lib_NM_JacobianCalc_TMATS_sfun:c1_Lib_NM_JacobianCalc_TMATS.obj
 0001:0003e840       c1_c_sf_marshallOut        000000018003f840 f   Lib_NM_JacobianCalc_TMATS_sfun:c1_Lib_NM_JacobianCalc_TMATS.obj
 0001:0003e9c0       c1_c_sf_marshallIn         000000018003f9c0 f   Lib_NM_JacobianCalc_TMATS_sfun:c1_Lib_NM_JacobianCalc_TMATS.obj
 0001:0003ead0       c1_d_sf_marshallOut        000000018003fad0 f   Lib_NM_JacobianCalc_TMATS_sfun:c1_Lib_NM_JacobianCalc_TMATS.obj
 0001:0003ec40       c1_e_sf_marshallOut        000000018003fc40 f   Lib_NM_JacobianCalc_TMATS_sfun:c1_Lib_NM_JacobianCalc_TMATS.obj
 0001:0003ecf0       sf_opaque_initialize_c1_Lib_NM_JacobianCalc_TMATS 000000018003fcf0 f   Lib_NM_JacobianCalc_TMATS_sfun:c1_Lib_NM_JacobianCalc_TMATS.obj
 0001:0003ed30       initialize_c1_Lib_NM_JacobianCalc_TMATS 000000018003fd30 f   Lib_NM_JacobianCalc_TMATS_sfun:c1_Lib_NM_JacobianCalc_TMATS.obj
 0001:0003ed80       sf_opaque_enable_c1_Lib_NM_JacobianCalc_TMATS 000000018003fd80 f   Lib_NM_JacobianCalc_TMATS_sfun:c1_Lib_NM_JacobianCalc_TMATS.obj
 0001:0003eda0       enable_c1_Lib_NM_JacobianCalc_TMATS 000000018003fda0 f   Lib_NM_JacobianCalc_TMATS_sfun:c1_Lib_NM_JacobianCalc_TMATS.obj
 0001:0003edd0       sf_opaque_disable_c1_Lib_NM_JacobianCalc_TMATS 000000018003fdd0 f   Lib_NM_JacobianCalc_TMATS_sfun:c1_Lib_NM_JacobianCalc_TMATS.obj
 0001:0003edf0       disable_c1_Lib_NM_JacobianCalc_TMATS 000000018003fdf0 f   Lib_NM_JacobianCalc_TMATS_sfun:c1_Lib_NM_JacobianCalc_TMATS.obj
 0001:0003ee20       sf_opaque_gateway_c1_Lib_NM_JacobianCalc_TMATS 000000018003fe20 f   Lib_NM_JacobianCalc_TMATS_sfun:c1_Lib_NM_JacobianCalc_TMATS.obj
 0001:0003ee40       sf_c1_Lib_NM_JacobianCalc_TMATS 000000018003fe40 f   Lib_NM_JacobianCalc_TMATS_sfun:c1_Lib_NM_JacobianCalc_TMATS.obj
 0001:00041b60       c1_d_sf_marshallIn         0000000180042b60 f   Lib_NM_JacobianCalc_TMATS_sfun:c1_Lib_NM_JacobianCalc_TMATS.obj
 0001:00041c00       c1_g_emlrt_marshallIn      0000000180042c00 f   Lib_NM_JacobianCalc_TMATS_sfun:c1_Lib_NM_JacobianCalc_TMATS.obj
 0001:00041c90       c1_rank                    0000000180042c90 f   Lib_NM_JacobianCalc_TMATS_sfun:c1_Lib_NM_JacobianCalc_TMATS.obj
 0001:00042290       c1_check_forloop_overflow_error 0000000180043290 f   Lib_NM_JacobianCalc_TMATS_sfun:c1_Lib_NM_JacobianCalc_TMATS.obj
 0001:000422a0       c1_eml_error               00000001800432a0 f   Lib_NM_JacobianCalc_TMATS_sfun:c1_Lib_NM_JacobianCalc_TMATS.obj
 0001:000423c0       c1_eml_matlab_zsvdc        00000001800433c0 f   Lib_NM_JacobianCalc_TMATS_sfun:c1_Lib_NM_JacobianCalc_TMATS.obj
 0001:000492d0       c1_eml_scalar_eg           000000018004a2d0 f   Lib_NM_JacobianCalc_TMATS_sfun:c1_Lib_NM_JacobianCalc_TMATS.obj
 0001:000492e0       c1_abs                     000000018004a2e0 f   Lib_NM_JacobianCalc_TMATS_sfun:c1_Lib_NM_JacobianCalc_TMATS.obj
 0001:00049320       c1_realmin                 000000018004a320 f   Lib_NM_JacobianCalc_TMATS_sfun:c1_Lib_NM_JacobianCalc_TMATS.obj
 0001:00049340       c1_eml_realmin             000000018004a340 f   Lib_NM_JacobianCalc_TMATS_sfun:c1_Lib_NM_JacobianCalc_TMATS.obj
 0001:00049350       c1_eml_xnrm2               000000018004a350 f   Lib_NM_JacobianCalc_TMATS_sfun:c1_Lib_NM_JacobianCalc_TMATS.obj
 0001:000497e0       c1_b_check_forloop_overflow_error 000000018004a7e0 f   Lib_NM_JacobianCalc_TMATS_sfun:c1_Lib_NM_JacobianCalc_TMATS.obj
 0001:000499f0       c1_eml_div                 000000018004a9f0 f   Lib_NM_JacobianCalc_TMATS_sfun:c1_Lib_NM_JacobianCalc_TMATS.obj
 0001:00049a20       c1_eml_xdotc               000000018004aa20 f   Lib_NM_JacobianCalc_TMATS_sfun:c1_Lib_NM_JacobianCalc_TMATS.obj
 0001:00049d60       c1_b_eml_xnrm2             000000018004ad60 f   Lib_NM_JacobianCalc_TMATS_sfun:c1_Lib_NM_JacobianCalc_TMATS.obj
 0001:0004a1f0       c1_eps                     000000018004b1f0 f   Lib_NM_JacobianCalc_TMATS_sfun:c1_Lib_NM_JacobianCalc_TMATS.obj
 0001:0004a200       c1_b_eml_scalar_eg         000000018004b200 f   Lib_NM_JacobianCalc_TMATS_sfun:c1_Lib_NM_JacobianCalc_TMATS.obj
 0001:0004a210       c1_b_eml_error             000000018004b210 f   Lib_NM_JacobianCalc_TMATS_sfun:c1_Lib_NM_JacobianCalc_TMATS.obj
 0001:0004a330       c1_invNxN                  000000018004b330 f   Lib_NM_JacobianCalc_TMATS_sfun:c1_Lib_NM_JacobianCalc_TMATS.obj
 0001:0004b330       c1_norm                    000000018004c330 f   Lib_NM_JacobianCalc_TMATS_sfun:c1_Lib_NM_JacobianCalc_TMATS.obj
 0001:0004b620       c1_eml_warning             000000018004c620 f   Lib_NM_JacobianCalc_TMATS_sfun:c1_Lib_NM_JacobianCalc_TMATS.obj
 0001:0004b740       c1_b_eml_warning           000000018004c740 f   Lib_NM_JacobianCalc_TMATS_sfun:c1_Lib_NM_JacobianCalc_TMATS.obj
 0001:0004b930       c1_h_emlrt_marshallIn      000000018004c930 f   Lib_NM_JacobianCalc_TMATS_sfun:c1_Lib_NM_JacobianCalc_TMATS.obj
 0001:0004b9a0       c1_i_emlrt_marshallIn      000000018004c9a0 f   Lib_NM_JacobianCalc_TMATS_sfun:c1_Lib_NM_JacobianCalc_TMATS.obj
 0001:0004baa0       c1_c_eml_xscal             000000018004caa0 f   Lib_NM_JacobianCalc_TMATS_sfun:c1_Lib_NM_JacobianCalc_TMATS.obj
 0001:0004bdb0       c1_d_eml_xaxpy             000000018004cdb0 f   Lib_NM_JacobianCalc_TMATS_sfun:c1_Lib_NM_JacobianCalc_TMATS.obj
 0001:0004c200       c1_d_eml_xscal             000000018004d200 f   Lib_NM_JacobianCalc_TMATS_sfun:c1_Lib_NM_JacobianCalc_TMATS.obj
 0001:0004c500       c1_e_eml_xaxpy             000000018004d500 f   Lib_NM_JacobianCalc_TMATS_sfun:c1_Lib_NM_JacobianCalc_TMATS.obj
 0001:0004c950       c1_f_eml_xaxpy             000000018004d950 f   Lib_NM_JacobianCalc_TMATS_sfun:c1_Lib_NM_JacobianCalc_TMATS.obj
 0001:0004cda0       c1_b_sqrt                  000000018004dda0 f   Lib_NM_JacobianCalc_TMATS_sfun:c1_Lib_NM_JacobianCalc_TMATS.obj
 0001:0004cdf0       c1_c_eml_error             000000018004ddf0 f   Lib_NM_JacobianCalc_TMATS_sfun:c1_Lib_NM_JacobianCalc_TMATS.obj
 0001:0004cf10       c1_b_eml_xrotg             000000018004df10 f   Lib_NM_JacobianCalc_TMATS_sfun:c1_Lib_NM_JacobianCalc_TMATS.obj
 0001:0004d050       c1_b_eml_matlab_zgetrf     000000018004e050 f   Lib_NM_JacobianCalc_TMATS_sfun:c1_Lib_NM_JacobianCalc_TMATS.obj
 0001:0004e0b0       c1_b_eml_xger              000000018004f0b0 f   Lib_NM_JacobianCalc_TMATS_sfun:c1_Lib_NM_JacobianCalc_TMATS.obj
 0001:0004e770       c1_b_eml_xtrsm             000000018004f770 f   Lib_NM_JacobianCalc_TMATS_sfun:c1_Lib_NM_JacobianCalc_TMATS.obj
 0001:0004e850       sf_opaque_get_sim_state_c1_Lib_NM_JacobianCalc_TMATS 000000018004f850 f   Lib_NM_JacobianCalc_TMATS_sfun:c1_Lib_NM_JacobianCalc_TMATS.obj
 0001:0004e870       sf_opaque_set_sim_state_c1_Lib_NM_JacobianCalc_TMATS 000000018004f870 f   Lib_NM_JacobianCalc_TMATS_sfun:c1_Lib_NM_JacobianCalc_TMATS.obj
 0001:0004e8a0       sf_opaque_terminate_c1_Lib_NM_JacobianCalc_TMATS 000000018004f8a0 f   Lib_NM_JacobianCalc_TMATS_sfun:c1_Lib_NM_JacobianCalc_TMATS.obj
 0001:0004e920       finalize_c1_Lib_NM_JacobianCalc_TMATS 000000018004f920 f   Lib_NM_JacobianCalc_TMATS_sfun:c1_Lib_NM_JacobianCalc_TMATS.obj
 0001:0004e930       sf_opaque_init_subchart_simstructs 000000018004f930 f   Lib_NM_JacobianCalc_TMATS_sfun:c1_Lib_NM_JacobianCalc_TMATS.obj
 0001:0004e950       initSimStructsc1_Lib_NM_JacobianCalc_TMATS 000000018004f950 f   Lib_NM_JacobianCalc_TMATS_sfun:c1_Lib_NM_JacobianCalc_TMATS.obj
 0001:0004e960       mdlRTW_c1_Lib_NM_JacobianCalc_TMATS 000000018004f960 f   Lib_NM_JacobianCalc_TMATS_sfun:c1_Lib_NM_JacobianCalc_TMATS.obj
 0001:0004ea90       pre_c_init                 000000018004fa90 f   MSVCRT:crtdll.obj
 0001:0004ed4c       __DllMainCRTStartup        000000018004fd4c f   MSVCRT:crtdll.obj
 0001:0004f490       __DllMainCRTStartup$filt$0 0000000180050490 f   MSVCRT:crtdll.obj
 0001:0004f4c0       __DllMainCRTStartup$fin$1  00000001800504c0 f   MSVCRT:crtdll.obj
 0001:0004f4da       _onexit$fin$0              00000001800504da f   MSVCRT:atonexit.obj
 0001:0004f500       _IsNonwritableInCurrentImage$filt$0 0000000180050500 f   MSVCRT:pesect.obj
